results dir: /home/prabhat/rb-full
single sweep: redis on cpu 0 (1 core), proxy on W cores, clients on the rest
    compio-pool   get   W=1  rps 64891    p50 980.5  p99 1067.9  srvcpu 1.03  redcpu 0.40  S
    compio-pool   get   W=1  rps 64861    p50 979.1  p99 1057.8  srvcpu 1.03  redcpu 0.40  S
    compio-pool   get   W=1  rps 64303    p50 987.1  p99 1064.1  srvcpu 1.03  redcpu 0.38  S
    compio-pool   get   W=1  rps 64580    p50 983.1  p99 1063.0  srvcpu 1.03  redcpu 0.40  S
    compio-pool   get   W=1  rps 65038    p50 976.5  p99 1052.8  srvcpu 1.03  redcpu 0.39  S
    compio-pool   set   W=1  rps 63079    p50 1010.4 p99 1097.6  srvcpu 1.00  redcpu 0.39  S
    compio-pool   set   W=1  rps 63166    p50 1006.9 p99 1097.8  srvcpu 1.00  redcpu 0.39  S
    compio-pool   set   W=1  rps 63366    p50 1001.7 p99 1102.7  srvcpu 1.00  redcpu 0.36  S
    compio-pool   set   W=1  rps 62896    p50 1010.4 p99 1096.0  srvcpu 1.00  redcpu 0.38  S
    compio-pool   set   W=1  rps 63533    p50 999.9  p99 1076.9  srvcpu 1.00  redcpu 0.38  S
    compio-pool   mix   W=1  rps 64768    p50 981.2  p99 1056.2  srvcpu 1.03  redcpu 0.41  S
    compio-pool   mix   W=1  rps 63793    p50 997.1  p99 1076.0  srvcpu 1.03  redcpu 0.42  S
    compio-pool   mix   W=1  rps 63991    p50 991.7  p99 1076.2  srvcpu 1.04  redcpu 0.40  S
    compio-pool   mix   W=1  rps 63618    p50 996.7  p99 1079.7  srvcpu 1.03  redcpu 0.40  S
    compio-pool   mix   W=1  rps 63535    p50 999.4  p99 1077.3  srvcpu 1.03  redcpu 0.41  S
    tokio-percore get   W=1  rps 57572    p50 1106.9 p99 1274.8  srvcpu 1.03  redcpu 0.34  S
    tokio-percore get   W=1  rps 58436    p50 1092.7 p99 1248.6  srvcpu 1.04  redcpu 0.33  S
    tokio-percore get   W=1  rps 58229    p50 1097.5 p99 1244.4  srvcpu 1.03  redcpu 0.33  S
    tokio-percore get   W=1  rps 58922    p50 1081.4 p99 1231.6  srvcpu 1.03  redcpu 0.33  S
    tokio-percore get   W=1  rps 58580    p50 1091.1 p99 1238.0  srvcpu 1.03  redcpu 0.33  S
    tokio-percore set   W=1  rps 57265    p50 1117.5 p99 1267.3  srvcpu 1.00  redcpu 0.32  S
    tokio-percore set   W=1  rps 57983    p50 1104.6 p99 1251.7  srvcpu 1.00  redcpu 0.33  S
    tokio-percore set   W=1  rps 56510    p50 1132.2 p99 1290.6  srvcpu 1.00  redcpu 0.33  S
    tokio-percore set   W=1  rps 56343    p50 1137.9 p99 1295.5  srvcpu 1.00  redcpu 0.33  S
    tokio-percore set   W=1  rps 56839    p50 1127.5 p99 1286.1  srvcpu 1.00  redcpu 0.33  S
    tokio-percore mix   W=1  rps 57653    p50 1116.0 p99 1260.4  srvcpu 1.04  redcpu 0.35  S
    tokio-percore mix   W=1  rps 57912    p50 1110.1 p99 1259.2  srvcpu 1.03  redcpu 0.35  S
    tokio-percore mix   W=1  rps 58319    p50 1102.9 p99 1247.2  srvcpu 1.03  redcpu 0.35  S
    tokio-percore mix   W=1  rps 58682    p50 1095.6 p99 1242.5  srvcpu 1.04  redcpu 0.36  S
    tokio-percore mix   W=1  rps 58609    p50 1095.3 p99 1245.6  srvcpu 1.03  redcpu 0.35  S
    tokio-default get   W=1  rps 51945    p50 1247.6 p99 1326.8  srvcpu 1.04  redcpu 0.42  S
    tokio-default get   W=1  rps 52258    p50 1241.0 p99 1305.9  srvcpu 1.04  redcpu 0.43  S
    tokio-default get   W=1  rps 52450    p50 1236.0 p99 1304.3  srvcpu 1.04  redcpu 0.42  S
    tokio-default get   W=1  rps 51874    p50 1249.7 p99 1325.3  srvcpu 1.04  redcpu 0.42  S
    tokio-default get   W=1  rps 52053    p50 1245.6 p99 1316.4  srvcpu 1.04  redcpu 0.42  S
    tokio-default set   W=1  rps 53202    p50 1218.9 p99 1280.1  srvcpu 1.00  redcpu 0.44  S
    tokio-default set   W=1  rps 52113    p50 1244.3 p99 1306.6  srvcpu 1.00  redcpu 0.42  S
    tokio-default set   W=1  rps 52925    p50 1226.3 p99 1275.8  srvcpu 1.00  redcpu 0.43  S
    tokio-default set   W=1  rps 52228    p50 1241.2 p99 1317.3  srvcpu 1.00  redcpu 0.43  S
    tokio-default set   W=1  rps 52914    p50 1225.1 p99 1289.6  srvcpu 1.00  redcpu 0.43  S
    tokio-default mix   W=1  rps 53729    p50 1206.5 p99 1270.0  srvcpu 1.04  redcpu 0.45  S
    tokio-default mix   W=1  rps 53120    p50 1221.2 p99 1277.3  srvcpu 1.04  redcpu 0.45  S
    tokio-default mix   W=1  rps 53086    p50 1222.5 p99 1271.5  srvcpu 1.04  redcpu 0.45  S
    tokio-default mix   W=1  rps 53196    p50 1219.0 p99 1280.6  srvcpu 1.04  redcpu 0.45  S
    tokio-default mix   W=1  rps 53158    p50 1220.1 p99 1279.2  srvcpu 1.04  redcpu 0.45  S
    compio-pool   get   W=2  rps 129168   p50 496.1  p99 575.6   srvcpu 2.03  redcpu 0.71  S
    compio-pool   get   W=2  rps 129032   p50 537.5  p99 600.8   srvcpu 2.03  redcpu 0.71  S
    compio-pool   get   W=2  rps 127810   p50 544.9  p99 663.8   srvcpu 2.04  redcpu 0.70  S
    compio-pool   get   W=2  rps 127484   p50 499.6  p99 581.7   srvcpu 2.03  redcpu 0.69  S
    compio-pool   get   W=2  rps 129283   p50 494.6  p99 569.8   srvcpu 2.03  redcpu 0.70  S
    compio-pool   set   W=2  rps 126359   p50 510.7  p99 593.6   srvcpu 2.00  redcpu 0.71  S
    compio-pool   set   W=2  rps 127272   p50 479.0  p99 653.7   srvcpu 2.00  redcpu 0.71  S
    compio-pool   set   W=2  rps 126639   p50 508.2  p99 581.5   srvcpu 2.00  redcpu 0.71  S
    compio-pool   set   W=2  rps 126972   p50 505.8  p99 599.8   srvcpu 2.00  redcpu 0.71  S
    compio-pool   set   W=2  rps 125194   p50 500.1  p99 668.8   srvcpu 2.00  redcpu 0.71  S
    compio-pool   mix   W=2  rps 142099   p50 372.4  p99 604.0   srvcpu 2.03  redcpu 0.78  S
    compio-pool   mix   W=2  rps 128676   p50 454.8  p99 620.0   srvcpu 2.04  redcpu 0.73  S
    compio-pool   mix   W=2  rps 128893   p50 500.4  p99 578.1   srvcpu 2.03  redcpu 0.73  S
    compio-pool   mix   W=2  rps 128824   p50 533.7  p99 629.7   srvcpu 2.03  redcpu 0.73  S
    compio-pool   mix   W=2  rps 129466   p50 493.6  p99 546.6   srvcpu 2.04  redcpu 0.73  S
    tokio-percore get   W=2  rps 114794   p50 550.4  p99 690.1   srvcpu 2.04  redcpu 0.63  S
    tokio-percore get   W=2  rps 114977   p50 548.0  p99 713.4   srvcpu 2.04  redcpu 0.64  S
    tokio-percore get   W=2  rps 115173   p50 558.4  p99 649.2   srvcpu 2.04  redcpu 0.62  S
    tokio-percore get   W=2  rps 115421   p50 556.1  p99 656.9   srvcpu 2.04  redcpu 0.63  S
    tokio-percore get   W=2  rps 114594   p50 563.9  p99 641.8   srvcpu 2.04  redcpu 0.62  S
    tokio-percore set   W=2  rps 114967   p50 473.7  p99 811.3   srvcpu 2.00  redcpu 0.66  S
    tokio-percore set   W=2  rps 114099   p50 544.6  p99 747.4   srvcpu 2.00  redcpu 0.65  S
    tokio-percore set   W=2  rps 114660   p50 516.4  p99 778.6   srvcpu 2.00  redcpu 0.64  S
    tokio-percore set   W=2  rps 113954   p50 566.3  p99 646.8   srvcpu 2.00  redcpu 0.64  S
    tokio-percore set   W=2  rps 114228   p50 550.9  p99 756.3   srvcpu 2.00  redcpu 0.65  S
    tokio-percore mix   W=2  rps 116898   p50 537.7  p99 700.2   srvcpu 2.04  redcpu 0.68  S
    tokio-percore mix   W=2  rps 115953   p50 556.5  p99 637.6   srvcpu 2.04  redcpu 0.65  S
    tokio-percore mix   W=2  rps 117368   p50 542.2  p99 654.6   srvcpu 2.04  redcpu 0.67  S
    tokio-percore mix   W=2  rps 118214   p50 528.9  p99 732.1   srvcpu 2.04  redcpu 0.67  S
    tokio-percore mix   W=2  rps 117347   p50 535.7  p99 695.8   srvcpu 2.04  redcpu 0.68  S
    tokio-default get   W=2  rps 94773    p50 678.9  p99 921.3   srvcpu 2.02  redcpu 0.67  S
    tokio-default get   W=2  rps 95056    p50 676.9  p99 918.7   srvcpu 2.01  redcpu 0.67  S
    tokio-default get   W=2  rps 95112    p50 675.2  p99 939.4   srvcpu 2.02  redcpu 0.67  S
    tokio-default get   W=2  rps 94592    p50 680.7  p99 923.0   srvcpu 2.01  redcpu 0.67  S
    tokio-default get   W=2  rps 95080    p50 676.6  p99 920.7   srvcpu 2.01  redcpu 0.67  S
    tokio-default set   W=2  rps 97023    p50 662.9  p99 901.8   srvcpu 1.97  redcpu 0.69  S
    tokio-default set   W=2  rps 96992    p50 663.0  p99 899.6   srvcpu 1.97  redcpu 0.69  S
    tokio-default set   W=2  rps 97474    p50 660.0  p99 895.3   srvcpu 1.97  redcpu 0.69  S
    tokio-default set   W=2  rps 96610    p50 665.9  p99 904.0   srvcpu 1.97  redcpu 0.69  S
    tokio-default set   W=2  rps 96222    p50 668.5  p99 906.8   srvcpu 1.97  redcpu 0.69  S
    tokio-default mix   W=2  rps 97046    p50 663.0  p99 900.3   srvcpu 2.01  redcpu 0.70  S
    tokio-default mix   W=2  rps 97329    p50 660.7  p99 898.9   srvcpu 2.02  redcpu 0.71  S
    tokio-default mix   W=2  rps 97304    p50 661.1  p99 896.5   srvcpu 2.01  redcpu 0.71  S
    tokio-default mix   W=2  rps 98340    p50 654.0  p99 889.2   srvcpu 2.02  redcpu 0.71  S
    tokio-default mix   W=2  rps 105731   p50 608.0  p99 826.1   srvcpu 2.01  redcpu 0.74  S
    compio-pool   get   W=4  rps 196128   p50 623.9  p99 1012.4  srvcpu 3.29  redcpu 1.02  R
    compio-pool   get   W=4  rps 196438   p50 621.0  p99 1002.6  srvcpu 3.30  redcpu 1.02  R
    compio-pool   get   W=4  rps 196714   p50 618.4  p99 998.1   srvcpu 3.32  redcpu 1.02  R
    compio-pool   get   W=4  rps 199449   p50 615.7  p99 979.7   srvcpu 3.33  redcpu 1.02  R
    compio-pool   get   W=4  rps 197528   p50 620.6  p99 986.4   srvcpu 3.33  redcpu 1.02  R
    compio-pool   set   W=4  rps 190933   p50 641.1  p99 1015.5  srvcpu 3.17  redcpu 1.00  R
    compio-pool   set   W=4  rps 191316   p50 635.5  p99 1022.3  srvcpu 3.16  redcpu 1.00  R
    compio-pool   set   W=4  rps 190878   p50 637.1  p99 1024.4  srvcpu 3.18  redcpu 1.00  R
    compio-pool   set   W=4  rps 193415   p50 629.7  p99 1011.0  srvcpu 3.19  redcpu 1.00  R
    compio-pool   set   W=4  rps 191616   p50 638.9  p99 1024.6  srvcpu 3.17  redcpu 1.00  R
    compio-pool   mix   W=4  rps 193598   p50 631.7  p99 1011.4  srvcpu 3.25  redcpu 1.02  R
    compio-pool   mix   W=4  rps 192098   p50 632.9  p99 1018.6  srvcpu 3.23  redcpu 1.02  R
    compio-pool   mix   W=4  rps 193126   p50 632.2  p99 1017.3  srvcpu 3.24  redcpu 1.02  R
    compio-pool   mix   W=4  rps 191237   p50 635.2  p99 1026.7  srvcpu 3.23  redcpu 1.02  R
    compio-pool   mix   W=4  rps 190952   p50 636.7  p99 1028.2  srvcpu 3.23  redcpu 1.02  R
    tokio-percore get   W=4  rps 198514   p50 619.9  p99 998.7   srvcpu 3.63  redcpu 1.02  SR
    tokio-percore get   W=4  rps 200422   p50 615.0  p99 988.2   srvcpu 3.67  redcpu 1.02  SR
    tokio-percore get   W=4  rps 200066   p50 616.1  p99 988.4   srvcpu 3.66  redcpu 1.02  SR
    tokio-percore get   W=4  rps 201312   p50 613.3  p99 979.2   srvcpu 3.67  redcpu 1.02  SR
    tokio-percore get   W=4  rps 200694   p50 616.8  p99 981.5   srvcpu 3.67  redcpu 1.02  SR
    tokio-percore set   W=4  rps 194087   p50 631.9  p99 1011.9  srvcpu 3.46  redcpu 1.00  SR
    tokio-percore set   W=4  rps 193755   p50 633.9  p99 1033.4  srvcpu 3.47  redcpu 1.00  SR
    tokio-percore set   W=4  rps 194454   p50 636.0  p99 1005.0  srvcpu 3.45  redcpu 1.00  SR
    tokio-percore set   W=4  rps 195270   p50 635.6  p99 1003.8  srvcpu 3.45  redcpu 1.00  SR
    tokio-percore set   W=4  rps 193839   p50 634.9  p99 1008.7  srvcpu 3.46  redcpu 1.00  SR
    tokio-percore mix   W=4  rps 194916   p50 634.7  p99 999.9   srvcpu 3.55  redcpu 1.02  SR
    tokio-percore mix   W=4  rps 195853   p50 627.0  p99 1001.3  srvcpu 3.57  redcpu 1.02  SR
    tokio-percore mix   W=4  rps 194066   p50 634.3  p99 1014.0  srvcpu 3.52  redcpu 1.02  SR
    tokio-percore mix   W=4  rps 193741   p50 635.1  p99 1012.8  srvcpu 3.54  redcpu 1.02  SR
    tokio-percore mix   W=4  rps 194080   p50 635.9  p99 1000.8  srvcpu 3.53  redcpu 1.02  SR
    tokio-default get   W=4  rps 185391   p50 685.9  p99 1090.5  srvcpu 3.90  redcpu 1.02  SR
    tokio-default get   W=4  rps 185644   p50 684.7  p99 1087.0  srvcpu 3.90  redcpu 1.01  SR
    tokio-default get   W=4  rps 184734   p50 688.3  p99 1094.8  srvcpu 3.90  redcpu 1.01  SR
    tokio-default get   W=4  rps 183641   p50 691.8  p99 1106.1  srvcpu 3.90  redcpu 1.01  SR
    tokio-default get   W=4  rps 184157   p50 689.3  p99 1101.8  srvcpu 3.90  redcpu 1.01  SR
    tokio-default set   W=4  rps 184875   p50 687.8  p99 1076.7  srvcpu 3.81  redcpu 1.00  SR
    tokio-default set   W=4  rps 186469   p50 682.5  p99 1067.3  srvcpu 3.81  redcpu 1.00  SR
    tokio-default set   W=4  rps 187181   p50 679.7  p99 1065.4  srvcpu 3.81  redcpu 1.00  SR
    tokio-default set   W=4  rps 185816   p50 684.9  p99 1070.1  srvcpu 3.82  redcpu 1.00  SR
    tokio-default set   W=4  rps 186348   p50 682.8  p99 1067.7  srvcpu 3.82  redcpu 1.00  SR
    tokio-default mix   W=4  rps 186258   p50 683.1  p99 1066.6  srvcpu 3.90  redcpu 1.02  SR
    tokio-default mix   W=4  rps 186624   p50 681.3  p99 1069.3  srvcpu 3.89  redcpu 1.02  SR
    tokio-default mix   W=4  rps 187384   p50 679.2  p99 1058.6  srvcpu 3.90  redcpu 1.02  SR
    tokio-default mix   W=4  rps 186612   p50 682.1  p99 1064.2  srvcpu 3.90  redcpu 1.02  SR
    tokio-default mix   W=4  rps 186537   p50 682.2  p99 1070.7  srvcpu 3.90  redcpu 1.02  SR
    compio-pool   get   W=8  rps 164301   p50 1509.8 p99 3033.6  srvcpu 3.57  redcpu 1.05  R
    compio-pool   get   W=8  rps 163817   p50 1510.9 p99 3028.7  srvcpu 3.56  redcpu 1.05  R
    compio-pool   get   W=8  rps 163906   p50 1509.1 p99 3031.9  srvcpu 3.50  redcpu 1.05  R
    compio-pool   get   W=8  rps 164672   p50 1503.3 p99 3013.0  srvcpu 3.55  redcpu 1.05  R
    compio-pool   get   W=8  rps 163020   p50 1518.2 p99 3042.8  srvcpu 3.56  redcpu 1.05  R
    compio-pool   set   W=8  rps 158943   p50 1558.0 p99 3120.8  srvcpu 3.29  redcpu 1.00  R
    compio-pool   set   W=8  rps 161134   p50 1534.9 p99 3075.5  srvcpu 3.29  redcpu 1.00  R
    compio-pool   set   W=8  rps 161469   p50 1533.9 p99 3077.4  srvcpu 3.21  redcpu 1.00  R
    compio-pool   set   W=8  rps 161707   p50 1529.4 p99 3081.8  srvcpu 3.19  redcpu 1.00  R
    compio-pool   set   W=8  rps 163736   p50 1510.6 p99 3032.3  srvcpu 3.22  redcpu 1.00  R
    compio-pool   mix   W=8  rps 161085   p50 1530.9 p99 3076.7  srvcpu 3.49  redcpu 1.05  R
    compio-pool   mix   W=8  rps 161146   p50 1534.7 p99 3081.4  srvcpu 3.49  redcpu 1.05  R
    compio-pool   mix   W=8  rps 162728   p50 1525.0 p99 3062.3  srvcpu 3.51  redcpu 1.05  R
    compio-pool   mix   W=8  rps 163433   p50 1515.4 p99 3042.6  srvcpu 3.50  redcpu 1.05  R
    compio-pool   mix   W=8  rps 162611   p50 1520.7 p99 3047.1  srvcpu 3.52  redcpu 1.05  R
    compio-pool   ping  W=8  rps 179230   p50 1384.8 p99 2777.2  srvcpu 3.53  redcpu 1.00  R
    compio-pool   ping  W=8  rps 182115   p50 1363.3 p99 2737.4  srvcpu 3.66  redcpu 1.00  R
    compio-pool   ping  W=8  rps 181733   p50 1363.9 p99 2741.2  srvcpu 3.52  redcpu 1.00  R
    compio-pool   ping  W=8  rps 179867   p50 1376.6 p99 2760.5  srvcpu 3.65  redcpu 1.00  R
    compio-pool   ping  W=8  rps 179213   p50 1382.6 p99 2774.3  srvcpu 3.58  redcpu 1.00  R
    compio-pool   get   W=8  rps 160170   p50 1543.8 p99 3095.1  srvcpu 3.49  redcpu 1.05  R
    compio-pool   get   W=8  rps 160904   p50 1537.7 p99 3081.1  srvcpu 3.51  redcpu 1.05  R
    compio-pool   get   W=8  rps 157372   p50 1573.0 p99 3152.3  srvcpu 3.46  redcpu 1.05  R
    compio-pool   get   W=8  rps 157554   p50 1570.5 p99 3149.1  srvcpu 3.44  redcpu 1.05  R
    compio-pool   get   W=8  rps 157312   p50 1571.0 p99 3151.0  srvcpu 3.45  redcpu 1.05  R
    compio-pool   get   W=8  rps 118484   p50 2143.7 p99 4314.7  srvcpu 2.96  redcpu 1.07  R
    compio-pool   get   W=8  rps 123128   p50 2022.4 p99 4045.8  srvcpu 3.06  redcpu 1.05  R
    compio-pool   get   W=8  rps 122482   p50 2034.9 p99 4077.5  srvcpu 3.07  redcpu 1.06  R
    compio-pool   get   W=8  rps 124000   p50 2004.2 p99 4012.9  srvcpu 3.12  redcpu 1.06  R
    compio-pool   get   W=8  rps 122184   p50 2041.0 p99 4091.2  srvcpu 3.08  redcpu 1.05  R
    compio-pool   get   W=8  rps 153952   p50 13154.0 p99 23369.4 srvcpu 2.86  redcpu 1.06  R
    compio-pool   get   W=8  rps 151694   p50 13253.9 p99 23496.1 srvcpu 2.84  redcpu 1.05  R
    compio-pool   get   W=8  rps 155602   p50 12970.8 p99 23345.6 srvcpu 2.88  redcpu 1.05  R
    compio-pool   get   W=8  rps 154080   p50 13093.4 p99 23214.4 srvcpu 2.87  redcpu 1.05  R
    compio-pool   get   W=8  rps 159596   p50 12806.7 p99 22875.9 srvcpu 2.89  redcpu 1.05  R
    tokio-percore get   W=8  rps 167838   p50 1474.6 p99 2955.4  srvcpu 3.85  redcpu 1.05  R
    tokio-percore get   W=8  rps 167948   p50 1472.6 p99 2951.1  srvcpu 3.86  redcpu 1.05  R
    tokio-percore get   W=8  rps 168068   p50 1471.0 p99 2944.1  srvcpu 3.87  redcpu 1.05  R
    tokio-percore get   W=8  rps 169164   p50 1461.2 p99 2927.4  srvcpu 3.87  redcpu 1.05  R
    tokio-percore get   W=8  rps 167867   p50 1472.0 p99 2947.6  srvcpu 3.87  redcpu 1.05  R
    tokio-percore set   W=8  rps 161688   p50 1529.3 p99 3060.0  srvcpu 3.52  redcpu 1.00  R
    tokio-percore set   W=8  rps 161120   p50 1534.1 p99 3073.5  srvcpu 3.51  redcpu 1.00  R
    tokio-percore set   W=8  rps 163960   p50 1507.6 p99 3017.5  srvcpu 3.52  redcpu 1.00  R
    tokio-percore set   W=8  rps 161332   p50 1531.6 p99 3069.4  srvcpu 3.53  redcpu 1.00  R
    tokio-percore set   W=8  rps 161787   p50 1527.4 p99 3064.8  srvcpu 3.50  redcpu 1.00  R
    tokio-percore mix   W=8  rps 164866   p50 1497.1 p99 3000.8  srvcpu 3.69  redcpu 1.05  R
    tokio-percore mix   W=8  rps 162868   p50 1516.8 p99 3041.3  srvcpu 3.70  redcpu 1.05  R
    tokio-percore mix   W=8  rps 162657   p50 1520.0 p99 3049.1  srvcpu 3.72  redcpu 1.05  R
    tokio-percore mix   W=8  rps 163570   p50 1509.9 p99 3022.6  srvcpu 3.72  redcpu 1.05  R
    tokio-percore mix   W=8  rps 163583   p50 1510.1 p99 3028.5  srvcpu 3.71  redcpu 1.05  R
    tokio-percore ping  W=8  rps 183612   p50 1349.2 p99 2701.4  srvcpu 3.92  redcpu 1.00  R
    tokio-percore ping  W=8  rps 186971   p50 1323.6 p99 2658.3  srvcpu 3.96  redcpu 1.00  R
    tokio-percore ping  W=8  rps 180697   p50 1370.2 p99 2748.4  srvcpu 3.88  redcpu 1.00  R
    tokio-percore ping  W=8  rps 182580   p50 1355.1 p99 2713.8  srvcpu 3.89  redcpu 1.00  R
    tokio-percore ping  W=8  rps 177767   p50 1393.8 p99 2792.5  srvcpu 3.85  redcpu 1.00  R
    tokio-percore get   W=8  rps 161110   p50 1535.0 p99 3077.0  srvcpu 3.77  redcpu 1.05  R
    tokio-percore get   W=8  rps 160665   p50 1537.3 p99 3084.5  srvcpu 3.76  redcpu 1.05  R
    tokio-percore get   W=8  rps 159628   p50 1548.1 p99 3101.0  srvcpu 3.73  redcpu 1.05  R
    tokio-percore get   W=8  rps 160480   p50 1538.5 p99 3085.2  srvcpu 3.77  redcpu 1.05  R
    tokio-percore get   W=8  rps 161279   p50 1533.2 p99 3072.2  srvcpu 3.78  redcpu 1.05  R
    tokio-percore get   W=8  rps 116424   p50 2158.4 p99 4328.4  srvcpu 3.23  redcpu 1.07  R
    tokio-percore get   W=8  rps 121568   p50 2049.3 p99 4104.7  srvcpu 3.35  redcpu 1.06  R
    tokio-percore get   W=8  rps 122866   p50 2019.5 p99 4047.4  srvcpu 3.35  redcpu 1.06  R
    tokio-percore get   W=8  rps 121917   p50 2041.4 p99 4092.3  srvcpu 3.35  redcpu 1.06  R
    tokio-percore get   W=8  rps 121623   p50 2040.5 p99 4084.0  srvcpu 3.33  redcpu 1.06  R
    tokio-percore get   W=8  rps 168698   p50 11890.8 p99 21979.7 srvcpu 3.31  redcpu 1.06  R
    tokio-percore get   W=8  rps 167360   p50 12026.2 p99 22068.2 srvcpu 3.33  redcpu 1.05  R
    tokio-percore get   W=8  rps 162080   p50 12406.3 p99 23030.9 srvcpu 3.28  redcpu 1.05  R
    tokio-percore get   W=8  rps 170726   p50 11800.1 p99 21274.0 srvcpu 3.34  redcpu 1.05  R
    tokio-percore get   W=8  rps 167442   p50 11986.2 p99 22348.2 srvcpu 3.33  redcpu 1.05  R
    tokio-default get   W=8  rps 192915   p50 1246.4 p99 2256.1  srvcpu 4.83  redcpu 1.04  R
    tokio-default get   W=8  rps 195096   p50 1231.5 p99 2232.1  srvcpu 4.84  redcpu 1.04  R
    tokio-default get   W=8  rps 195114   p50 1232.3 p99 2233.1  srvcpu 4.86  redcpu 1.04  R
    tokio-default get   W=8  rps 196989   p50 1221.5 p99 2202.0  srvcpu 4.91  redcpu 1.04  R
    tokio-default get   W=8  rps 196710   p50 1222.4 p99 2209.0  srvcpu 4.89  redcpu 1.04  R
    tokio-default set   W=8  rps 188043   p50 1273.8 p99 2300.6  srvcpu 4.45  redcpu 1.00  R
    tokio-default set   W=8  rps 187484   p50 1275.0 p99 2307.2  srvcpu 4.45  redcpu 1.00  R
    tokio-default set   W=8  rps 184674   p50 1297.1 p99 2352.1  srvcpu 4.42  redcpu 1.00  R
    tokio-default set   W=8  rps 184826   p50 1294.1 p99 2354.2  srvcpu 4.42  redcpu 1.00  R
    tokio-default set   W=8  rps 186300   p50 1284.4 p99 2332.4  srvcpu 4.42  redcpu 1.00  R
    tokio-default mix   W=8  rps 182989   p50 1307.1 p99 2384.6  srvcpu 4.59  redcpu 1.04  R
    tokio-default mix   W=8  rps 185357   p50 1290.7 p99 2346.4  srvcpu 4.62  redcpu 1.04  R
    tokio-default mix   W=8  rps 189114   p50 1267.8 p99 2281.3  srvcpu 4.68  redcpu 1.05  R
    tokio-default mix   W=8  rps 188440   p50 1270.0 p99 2292.2  srvcpu 4.66  redcpu 1.04  R
    tokio-default mix   W=8  rps 188967   p50 1267.1 p99 2278.3  srvcpu 4.67  redcpu 1.04  R
    tokio-default ping  W=8  rps 211169   p50 1148.8 p99 2124.0  srvcpu 4.90  redcpu 1.00  R
    tokio-default ping  W=8  rps 212002   p50 1144.6 p99 2102.8  srvcpu 4.93  redcpu 1.00  R
    tokio-default ping  W=8  rps 211458   p50 1148.6 p99 2114.6  srvcpu 4.93  redcpu 1.00  R
    tokio-default ping  W=8  rps 209047   p50 1162.0 p99 2145.9  srvcpu 4.92  redcpu 1.00  R
    tokio-default ping  W=8  rps 208024   p50 1166.9 p99 2155.2  srvcpu 4.90  redcpu 1.00  R
    tokio-default get   W=8  rps 180250   p50 1326.0 p99 2419.9  srvcpu 4.64  redcpu 1.05  R
    tokio-default get   W=8  rps 180923   p50 1321.9 p99 2412.4  srvcpu 4.65  redcpu 1.05  R
    tokio-default get   W=8  rps 181075   p50 1319.7 p99 2406.8  srvcpu 4.66  redcpu 1.04  R
    tokio-default get   W=8  rps 183952   p50 1299.4 p99 2360.1  srvcpu 4.69  redcpu 1.05  R
    tokio-default get   W=8  rps 182848   p50 1308.7 p99 2377.7  srvcpu 4.67  redcpu 1.04  R
    tokio-default get   W=8  rps 132000   p50 1900.3 p99 3837.8  srvcpu 4.13  redcpu 1.07  R
    tokio-default get   W=8  rps 140062   p50 1752.5 p99 3524.2  srvcpu 4.31  redcpu 1.05  R
    tokio-default get   W=8  rps 141961   p50 1727.6 p99 3460.4  srvcpu 4.32  redcpu 1.05  R
    tokio-default get   W=8  rps 140880   p50 1740.8 p99 3501.2  srvcpu 4.29  redcpu 1.05  R
    tokio-default get   W=8  rps 141608   p50 1732.4 p99 3478.4  srvcpu 4.30  redcpu 1.05  R
    tokio-default get   W=8  rps 200980   p50 9876.0 p99 18570.6 srvcpu 4.43  redcpu 1.05  R
    tokio-default get   W=8  rps 196950   p50 10082.2 p99 18885.8 srvcpu 4.38  redcpu 1.04  R
    tokio-default get   W=8  rps 197194   p50 10080.6 p99 18924.0 srvcpu 4.38  redcpu 1.05  R
    tokio-default get   W=8  rps 197594   p50 10060.0 p99 18838.6 srvcpu 4.38  redcpu 1.04  R
    tokio-default get   W=8  rps 199058   p50 9994.7 p99 18736.2 srvcpu 4.41  redcpu 1.04  R
    compio-pool   get   W=16 rps 119897   p50 4203.3 p99 8253.4  srvcpu 3.35  redcpu 1.14  R
    compio-pool   get   W=16 rps 120598   p50 4179.0 p99 8268.5  srvcpu 3.34  redcpu 1.14  R
    compio-pool   get   W=16 rps 118242   p50 4279.4 p99 8358.7  srvcpu 3.31  redcpu 1.14  R
    compio-pool   get   W=16 rps 121356   p50 4144.2 p99 8234.1  srvcpu 3.36  redcpu 1.14  R
    compio-pool   get   W=16 rps 124036   p50 4074.8 p99 8047.2  srvcpu 3.38  redcpu 1.14  R
    compio-pool   set   W=16 rps 122976   p50 4087.8 p99 8115.1  srvcpu 2.90  redcpu 1.00  R
    compio-pool   set   W=16 rps 116800   p50 4322.2 p99 8524.9  srvcpu 2.90  redcpu 1.00  R
    compio-pool   set   W=16 rps 117787   p50 4283.6 p99 8464.2  srvcpu 2.89  redcpu 1.00  R
    compio-pool   set   W=16 rps 115682   p50 4357.6 p99 8661.5  srvcpu 2.84  redcpu 1.00  R
    compio-pool   set   W=16 rps 118044   p50 4275.0 p99 8473.1  srvcpu 2.88  redcpu 1.00  R
    compio-pool   mix   W=16 rps 115973   p50 4351.2 p99 8617.3  srvcpu 3.25  redcpu 1.14  R
    compio-pool   mix   W=16 rps 117016   p50 4309.9 p99 8543.8  srvcpu 3.25  redcpu 1.14  R
    compio-pool   mix   W=16 rps 118048   p50 4273.7 p99 8480.7  srvcpu 3.29  redcpu 1.14  R
    compio-pool   mix   W=16 rps 121218   p50 4148.0 p99 7983.9  srvcpu 3.31  redcpu 1.14  R
    compio-pool   mix   W=16 rps 118771   p50 4240.8 p99 8413.4  srvcpu 3.31  redcpu 1.14  R
    tokio-percore get   W=16 rps 121542   p50 4139.0 p99 8222.2  srvcpu 3.56  redcpu 1.14  R
    tokio-percore get   W=16 rps 120933   p50 4166.8 p99 8227.3  srvcpu 3.57  redcpu 1.15  R
    tokio-percore get   W=16 rps 122234   p50 4108.3 p99 8204.6  srvcpu 3.57  redcpu 1.14  R
    tokio-percore get   W=16 rps 120837   p50 4173.6 p99 8286.7  srvcpu 3.53  redcpu 1.15  R
    tokio-percore get   W=16 rps 121224   p50 4162.2 p99 8260.5  srvcpu 3.54  redcpu 1.14  R
    tokio-percore set   W=16 rps 119288   p50 4228.9 p99 8362.7  srvcpu 3.00  redcpu 1.00  R
    tokio-percore set   W=16 rps 118046   p50 4290.2 p99 8416.7  srvcpu 2.99  redcpu 1.00  R
    tokio-percore set   W=16 rps 117576   p50 4278.3 p99 8504.8  srvcpu 3.02  redcpu 1.00  R
    tokio-percore set   W=16 rps 116335   p50 4344.3 p99 8592.9  srvcpu 2.99  redcpu 1.00  R
    tokio-percore set   W=16 rps 120224   p50 4200.8 p99 8295.2  srvcpu 3.06  redcpu 1.00  R
    tokio-percore mix   W=16 rps 116746   p50 4324.2 p99 8568.0  srvcpu 3.43  redcpu 1.14  R
    tokio-percore mix   W=16 rps 117373   p50 4292.0 p99 8541.5  srvcpu 3.44  redcpu 1.15  R
    tokio-percore mix   W=16 rps 118075   p50 4261.6 p99 8475.3  srvcpu 3.44  redcpu 1.14  R
    tokio-percore mix   W=16 rps 118728   p50 4238.1 p99 8420.7  srvcpu 3.43  redcpu 1.14  R
    tokio-percore mix   W=16 rps 123479   p50 4047.1 p99 8025.4  srvcpu 3.43  redcpu 1.14  R
    tokio-default get   W=16 rps 151347   p50 3255.3 p99 6679.6  srvcpu 5.15  redcpu 1.12  R
    tokio-default get   W=16 rps 150134   p50 3273.1 p99 6711.4  srvcpu 5.11  redcpu 1.11  R
    tokio-default get   W=16 rps 150110   p50 3301.4 p99 6766.0  srvcpu 5.07  redcpu 1.11  R
    tokio-default get   W=16 rps 153266   p50 3205.8 p99 6563.2  srvcpu 5.17  redcpu 1.11  R
    tokio-default get   W=16 rps 150742   p50 3268.3 p99 6709.6  srvcpu 5.12  redcpu 1.11  R
    tokio-default set   W=16 rps 146869   p50 3355.7 p99 6894.0  srvcpu 4.45  redcpu 1.00  R
    tokio-default set   W=16 rps 148643   p50 3311.1 p99 6803.7  srvcpu 4.47  redcpu 1.00  R
    tokio-default set   W=16 rps 148375   p50 3320.2 p99 6814.0  srvcpu 4.48  redcpu 1.00  R
    tokio-default set   W=16 rps 146128   p50 3377.9 p99 6904.9  srvcpu 4.44  redcpu 1.00  R
    tokio-default set   W=16 rps 146600   p50 3365.5 p99 6876.5  srvcpu 4.45  redcpu 1.00  R
    tokio-default mix   W=16 rps 147164   p50 3355.1 p99 6870.3  srvcpu 4.94  redcpu 1.11  R
    tokio-default mix   W=16 rps 145569   p50 3392.7 p99 6939.3  srvcpu 4.92  redcpu 1.11  R
    tokio-default mix   W=16 rps 144444   p50 3438.0 p99 7041.4  srvcpu 4.89  redcpu 1.11  R
    tokio-default mix   W=16 rps 147436   p50 3330.1 p99 6940.6  srvcpu 4.91  redcpu 1.11  R
    tokio-default mix   W=16 rps 143721   p50 3437.6 p99 7024.6  srvcpu 4.88  redcpu 1.11  R
sharded sweep: shard = 1 redis core + 1 proxy core (dedicated); client fans across shards
    compio-pool   get   W=1  rps 64994    p50 977.9  p99 1053.9  srvcpu 1.03  redcpu 0.39  S
    compio-pool   get   W=1  rps 64478    p50 985.7  p99 1063.8  srvcpu 1.03  redcpu 0.39  S
    compio-pool   get   W=1  rps 63477    p50 999.3  p99 1090.8  srvcpu 1.03  redcpu 0.40  S
    compio-pool   get   W=1  rps 64561    p50 985.5  p99 1066.7  srvcpu 1.03  redcpu 0.41  S
    compio-pool   get   W=1  rps 65295    p50 970.3  p99 1079.6  srvcpu 1.03  redcpu 0.38  S
    compio-pool   set   W=1  rps 62982    p50 1008.4 p99 1095.1  srvcpu 1.00  redcpu 0.38  S
    compio-pool   set   W=1  rps 62168    p50 1021.0 p99 1107.3  srvcpu 1.00  redcpu 0.38  S
    compio-pool   set   W=1  rps 62589    p50 1013.5 p99 1107.3  srvcpu 1.00  redcpu 0.38  S
    compio-pool   set   W=1  rps 63060    p50 1006.8 p99 1100.0  srvcpu 1.00  redcpu 0.37  S
    compio-pool   set   W=1  rps 62289    p50 1018.7 p99 1102.2  srvcpu 1.00  redcpu 0.38  S
    compio-pool   mix   W=1  rps 69642    p50 911.7  p99 988.6   srvcpu 1.03  redcpu 0.44  S
    compio-pool   mix   W=1  rps 64451    p50 984.8  p99 1061.9  srvcpu 1.03  redcpu 0.41  S
    compio-pool   mix   W=1  rps 64755    p50 980.1  p99 1057.0  srvcpu 1.03  redcpu 0.42  S
    compio-pool   mix   W=1  rps 63043    p50 1006.2 p99 1083.4  srvcpu 1.04  redcpu 0.40  S
    compio-pool   mix   W=1  rps 72416    p50 876.3  p99 960.1   srvcpu 1.03  redcpu 0.44  S
    tokio-percore get   W=1  rps 56308    p50 1128.2 p99 1292.1  srvcpu 1.04  redcpu 0.32  S
    tokio-percore get   W=1  rps 57726    p50 1102.5 p99 1268.4  srvcpu 1.04  redcpu 0.33  S
    tokio-percore get   W=1  rps 58174    p50 1097.1 p99 1255.8  srvcpu 1.03  redcpu 0.32  S
    tokio-percore get   W=1  rps 57518    p50 1112.4 p99 1270.2  srvcpu 1.03  redcpu 0.33  S
    tokio-percore get   W=1  rps 60033    p50 1062.3 p99 1214.1  srvcpu 1.03  redcpu 0.35  S
    tokio-percore set   W=1  rps 56854    p50 1131.4 p99 1279.0  srvcpu 1.00  redcpu 0.33  S
    tokio-percore set   W=1  rps 56723    p50 1133.7 p99 1284.2  srvcpu 1.00  redcpu 0.34  S
    tokio-percore set   W=1  rps 56591    p50 1134.2 p99 1289.7  srvcpu 1.00  redcpu 0.33  S
    tokio-percore set   W=1  rps 56557    p50 1130.9 p99 1300.1  srvcpu 1.00  redcpu 0.32  S
    tokio-percore set   W=1  rps 56956    p50 1123.1 p99 1281.1  srvcpu 1.00  redcpu 0.32  S
    tokio-percore mix   W=1  rps 63988    p50 983.9  p99 1138.6  srvcpu 1.03  redcpu 0.37  S
    tokio-percore mix   W=1  rps 57616    p50 1113.8 p99 1268.4  srvcpu 1.04  redcpu 0.34  S
    tokio-percore mix   W=1  rps 57475    p50 1118.7 p99 1267.1  srvcpu 1.04  redcpu 0.34  S
    tokio-percore mix   W=1  rps 57154    p50 1118.6 p99 1548.2  srvcpu 1.04  redcpu 0.33  S
    tokio-percore mix   W=1  rps 58357    p50 1099.8 p99 1253.3  srvcpu 1.03  redcpu 0.34  S
    compio-pool   get   W=2  rps 127124   p50 502.5  p99 546.7   srvcpu 2.04  redcpu 0.74  S
    compio-pool   get   W=2  rps 126836   p50 503.3  p99 548.4   srvcpu 2.04  redcpu 0.74  S
    compio-pool   get   W=2  rps 126124   p50 506.9  p99 542.3   srvcpu 2.03  redcpu 0.76  S
    compio-pool   get   W=2  rps 127460   p50 500.9  p99 546.0   srvcpu 2.04  redcpu 0.74  S
    compio-pool   get   W=2  rps 125947   p50 507.5  p99 545.0   srvcpu 2.04  redcpu 0.77  S
    compio-pool   set   W=2  rps 126256   p50 505.8  p99 548.8   srvcpu 2.00  redcpu 0.75  S
    compio-pool   set   W=2  rps 125851   p50 507.6  p99 544.1   srvcpu 2.00  redcpu 0.78  S
    compio-pool   set   W=2  rps 126318   p50 505.3  p99 550.7   srvcpu 2.00  redcpu 0.77  S
    compio-pool   set   W=2  rps 125759   p50 508.0  p99 547.0   srvcpu 2.00  redcpu 0.77  S
    compio-pool   set   W=2  rps 126678   p50 504.0  p99 544.2   srvcpu 2.00  redcpu 0.76  S
    compio-pool   mix   W=2  rps 126465   p50 504.6  p99 548.4   srvcpu 2.04  redcpu 0.78  S
    compio-pool   mix   W=2  rps 126326   p50 505.4  p99 552.9   srvcpu 2.04  redcpu 0.78  S
    compio-pool   mix   W=2  rps 126058   p50 505.3  p99 559.9   srvcpu 2.04  redcpu 0.78  S
    compio-pool   mix   W=2  rps 126421   p50 504.9  p99 550.8   srvcpu 2.03  redcpu 0.78  S
    compio-pool   mix   W=2  rps 126232   p50 506.0  p99 545.8   srvcpu 2.04  redcpu 0.78  S
    tokio-percore get   W=2  rps 113537   p50 567.3  p99 644.5   srvcpu 2.04  redcpu 0.67  S
    tokio-percore get   W=2  rps 114035   p50 563.2  p99 643.4   srvcpu 2.04  redcpu 0.66  S
    tokio-percore get   W=2  rps 113448   p50 568.2  p99 643.4   srvcpu 2.04  redcpu 0.66  S
    tokio-percore get   W=2  rps 113272   p50 567.5  p99 646.5   srvcpu 2.04  redcpu 0.66  S
    tokio-percore get   W=2  rps 113491   p50 568.6  p99 643.6   srvcpu 2.04  redcpu 0.66  S
    tokio-percore set   W=2  rps 114984   p50 561.8  p99 640.2   srvcpu 2.00  redcpu 0.69  S
    tokio-percore set   W=2  rps 114599   p50 563.6  p99 641.2   srvcpu 2.00  redcpu 0.69  S
    tokio-percore set   W=2  rps 114382   p50 565.3  p99 642.9   srvcpu 2.00  redcpu 0.69  S
    tokio-percore set   W=2  rps 114558   p50 564.5  p99 638.8   srvcpu 2.00  redcpu 0.69  S
    tokio-percore set   W=2  rps 115461   p50 560.4  p99 632.5   srvcpu 2.00  redcpu 0.69  S
    tokio-percore mix   W=2  rps 115250   p50 561.6  p99 632.3   srvcpu 2.03  redcpu 0.70  S
    tokio-percore mix   W=2  rps 115588   p50 560.1  p99 630.0   srvcpu 2.04  redcpu 0.70  S
    tokio-percore mix   W=2  rps 113972   p50 564.6  p99 710.8   srvcpu 2.04  redcpu 0.70  S
    tokio-percore mix   W=2  rps 115407   p50 560.8  p99 630.2   srvcpu 2.04  redcpu 0.70  S
    tokio-percore mix   W=2  rps 114854   p50 563.5  p99 634.0   srvcpu 2.04  redcpu 0.70  S
    compio-pool   get   W=4  rps 257601   p50 495.4  p99 538.7   srvcpu 4.08  redcpu 1.50  S
    compio-pool   get   W=4  rps 257507   p50 495.8  p99 535.5   srvcpu 4.07  redcpu 1.48  S
    compio-pool   get   W=4  rps 255977   p50 499.2  p99 535.3   srvcpu 4.07  redcpu 1.51  S
    compio-pool   get   W=4  rps 257541   p50 495.8  p99 539.8   srvcpu 4.08  redcpu 1.50  S
    compio-pool   get   W=4  rps 255656   p50 499.2  p99 535.8   srvcpu 4.07  redcpu 1.52  S
    compio-pool   set   W=4  rps 255383   p50 499.5  p99 543.8   srvcpu 4.00  redcpu 1.55  S
    compio-pool   set   W=4  rps 256082   p50 498.9  p99 538.5   srvcpu 4.00  redcpu 1.54  S
    compio-pool   set   W=4  rps 255776   p50 498.9  p99 541.5   srvcpu 4.00  redcpu 1.54  S
    compio-pool   set   W=4  rps 254630   p50 501.3  p99 539.6   srvcpu 4.00  redcpu 1.56  S
    compio-pool   set   W=4  rps 254323   p50 502.1  p99 542.2   srvcpu 4.00  redcpu 1.57  S
    compio-pool   mix   W=4  rps 255885   p50 499.2  p99 536.2   srvcpu 4.07  redcpu 1.57  S
    compio-pool   mix   W=4  rps 255832   p50 499.2  p99 537.6   srvcpu 4.08  redcpu 1.58  S
    compio-pool   mix   W=4  rps 255058   p50 500.4  p99 538.6   srvcpu 4.07  redcpu 1.56  S
    compio-pool   mix   W=4  rps 256988   p50 497.1  p99 536.4   srvcpu 4.07  redcpu 1.55  S
    compio-pool   mix   W=4  rps 256832   p50 496.5  p99 546.4   srvcpu 4.08  redcpu 1.55  S
    tokio-percore get   W=4  rps 231254   p50 555.0  p99 633.5   srvcpu 4.08  redcpu 1.33  S
    tokio-percore get   W=4  rps 230408   p50 556.7  p99 635.2   srvcpu 4.07  redcpu 1.32  S
    tokio-percore get   W=4  rps 230594   p50 557.1  p99 634.3   srvcpu 4.08  redcpu 1.32  S
    tokio-percore get   W=4  rps 230756   p50 556.0  p99 636.5   srvcpu 4.07  redcpu 1.32  S
    tokio-percore get   W=4  rps 230349   p50 557.7  p99 636.7   srvcpu 4.08  redcpu 1.32  S
    tokio-percore set   W=4  rps 234601   p50 551.7  p99 622.3   srvcpu 4.00  redcpu 1.37  S
    tokio-percore set   W=4  rps 233764   p50 553.5  p99 626.3   srvcpu 4.01  redcpu 1.38  S
    tokio-percore set   W=4  rps 233267   p50 554.4  p99 626.7   srvcpu 4.00  redcpu 1.36  S
    tokio-percore set   W=4  rps 232932   p50 555.3  p99 627.3   srvcpu 4.00  redcpu 1.37  S
    tokio-percore set   W=4  rps 232916   p50 555.2  p99 628.2   srvcpu 4.00  redcpu 1.37  S
    tokio-percore mix   W=4  rps 233854   p50 552.8  p99 625.4   srvcpu 4.07  redcpu 1.41  S
    tokio-percore mix   W=4  rps 233306   p50 554.9  p99 625.0   srvcpu 4.08  redcpu 1.40  S
    tokio-percore mix   W=4  rps 233300   p50 554.8  p99 625.2   srvcpu 4.07  redcpu 1.40  S
    tokio-percore mix   W=4  rps 233969   p50 553.0  p99 624.1   srvcpu 4.08  redcpu 1.40  S
    tokio-percore mix   W=4  rps 234044   p50 552.9  p99 623.9   srvcpu 4.08  redcpu 1.40  S
    compio-pool   get   W=8  rps 543513   p50 495.3  p99 540.4   srvcpu 8.14  redcpu 3.13  S
    compio-pool   get   W=8  rps 543082   p50 495.6  p99 539.9   srvcpu 8.14  redcpu 3.13  S
    compio-pool   get   W=8  rps 542119   p50 496.9  p99 539.2   srvcpu 8.14  redcpu 3.14  S
    compio-pool   get   W=8  rps 541534   p50 495.6  p99 543.5   srvcpu 8.14  redcpu 3.15  S
    compio-pool   get   W=8  rps 539759   p50 499.1  p99 541.3   srvcpu 8.14  redcpu 3.16  S
    compio-pool   set   W=8  rps 539726   p50 498.0  p99 540.6   srvcpu 8.00  redcpu 3.23  S
    compio-pool   set   W=8  rps 537561   p50 499.6  p99 546.8   srvcpu 8.01  redcpu 3.23  S
    compio-pool   set   W=8  rps 538041   p50 498.9  p99 545.6   srvcpu 8.01  redcpu 3.21  S
    compio-pool   set   W=8  rps 537258   p50 500.6  p99 545.6   srvcpu 8.01  redcpu 3.26  S
    compio-pool   set   W=8  rps 535440   p50 502.6  p99 548.9   srvcpu 8.01  redcpu 3.25  S
    compio-pool   mix   W=8  rps 537188   p50 499.7  p99 551.0   srvcpu 8.14  redcpu 3.25  S
    compio-pool   mix   W=8  rps 540110   p50 498.6  p99 543.8   srvcpu 8.13  redcpu 3.28  S
    compio-pool   mix   W=8  rps 539479   p50 499.8  p99 538.8   srvcpu 8.14  redcpu 3.25  S
    compio-pool   mix   W=8  rps 539218   p50 497.7  p99 543.8   srvcpu 8.14  redcpu 3.26  S
    compio-pool   mix   W=8  rps 537407   p50 501.7  p99 539.9   srvcpu 8.13  redcpu 3.31  S
    tokio-percore get   W=8  rps 488151   p50 521.8  p99 636.8   srvcpu 8.15  redcpu 2.79  S
    tokio-percore get   W=8  rps 486909   p50 523.0  p99 636.1   srvcpu 8.15  redcpu 2.79  S
    tokio-percore get   W=8  rps 486862   p50 523.4  p99 639.5   srvcpu 8.14  redcpu 2.77  S
    tokio-percore get   W=8  rps 486210   p50 524.0  p99 639.1   srvcpu 8.14  redcpu 2.79  S
    tokio-percore get   W=8  rps 487936   p50 522.3  p99 635.9   srvcpu 8.15  redcpu 2.79  S
    tokio-percore set   W=8  rps 490716   p50 518.8  p99 628.8   srvcpu 8.01  redcpu 2.88  S
    tokio-percore set   W=8  rps 490259   p50 520.2  p99 631.8   srvcpu 8.01  redcpu 2.88  S
    tokio-percore set   W=8  rps 490446   p50 519.7  p99 630.6   srvcpu 8.01  redcpu 2.87  S
    tokio-percore set   W=8  rps 491034   p50 518.9  p99 629.9   srvcpu 8.00  redcpu 2.88  S
    tokio-percore set   W=8  rps 490088   p50 519.7  p99 632.6   srvcpu 8.01  redcpu 2.87  S
    tokio-percore mix   W=8  rps 491177   p50 518.6  p99 630.1   srvcpu 8.15  redcpu 2.93  S
    tokio-percore mix   W=8  rps 490948   p50 517.9  p99 628.2   srvcpu 8.14  redcpu 2.92  S
    tokio-percore mix   W=8  rps 489020   p50 520.2  p99 634.3   srvcpu 8.13  redcpu 2.94  S
    tokio-percore mix   W=8  rps 489326   p50 520.5  p99 632.7   srvcpu 8.15  redcpu 2.93  S
    tokio-percore mix   W=8  rps 491487   p50 517.3  p99 627.2   srvcpu 8.14  redcpu 2.94  S
done in 29 min
