##### bench.sh 1 - upload this file #####

##### ENVIRONMENT #####
bench.sh version:  1
date (UTC):        2026-10-03T03:16:25Z
host:              high-core-machine
note:              
command line:      --suites onecpu
kernel:            Linux 6.12.107+deb13-cloud-amd64 #1 SMP PREEMPT_DYNAMIC Debian 6.12.107-1 (2026-08-29) x86_64
virtualization:    google
cpus allowed:      16 (8 physical cores; threads/core 2; NUMA nodes 1)
max split workers: 4 (client ratio 1.5)
memory (MiB):      total 62289, available 60714
io_uring_disabled: 0
cpu governor:      n/a
somaxconn:         4096   tcp_tw_reuse: 2   nofile: 524288
rustc:             rustc 1.99.0 (b940084d7 2026-09-28)
git:               reuseport-workers@1ffe0be
cache cpu0:        L1 Data 48K
cache cpu0:        L1 Instruction 32K
cache cpu0:        L2 Unified 1024K
cache cpu0:        L3 Unified 32768K
vulnerability mitigations (they change syscall cost):
  gather_data_sampling: Not affected
  indirect_target_selection: Not affected
  itlb_multihit: Not affected
  l1tf: Not affected
  mds: Not affected
  meltdown: Not affected
  mmio_stale_data: Not affected
  reg_file_data_sampling: Not affected
  retbleed: Not affected
  spec_rstack_overflow: Mitigation: IBPB on VMEXIT only
  spec_store_bypass: Mitigation: Speculative Store Bypass disabled via prctl
  spectre_v1: Mitigation: usercopy/swapgs barriers and __user pointer sanitization
  spectre_v2: Mitigation: Enhanced / Automatic IBRS; IBPB: conditional; STIBP: always-on; PBRSB-eIBRS: Not affected; BHI: Not affected
  srbds: Not affected
  tsa: Not affected
  tsx_async_abort: Not affected
  vmscape: Not affected

--- lscpu ---
Architecture:                            x86_64
CPU op-mode(s):                          32-bit, 64-bit
Address sizes:                           52 bits physical, 57 bits virtual
Byte Order:                              Little Endian
CPU(s):                                  16
On-line CPU(s) list:                     0-15
Vendor ID:                               AuthenticAMD
Model name:                              AMD EPYC 9B45
CPU family:                              26
Model:                                   2
Thread(s) per core:                      2
Core(s) per socket:                      8
Socket(s):                               1
Stepping:                                1
BogoMIPS:                                5391.90
Flags:                                   fpu vme de pse tsc msr pae mce cx8 apic sep mtrr pge mca cmov pat pse36 clflush mmx fxsr sse sse2 ht syscall nx mmxext fxsr_opt pdpe1gb rdtscp lm constant_tsc rep_good nopl xtopology nonstop_tsc cpuid extd_apicid aperfmperf tsc_known_freq pni pclmulqdq monitor ssse3 fma cx16 pcid sse4_1 sse4_2 x2apic movbe popcnt tsc_deadline_timer aes xsave avx f16c rdrand hypervisor lahf_lm cmp_legacy cr8_legacy abm sse4a misalignsse 3dnowprefetch osvw topoext mwaitx ssbd ibrs ibpb stibp ibrs_enhanced vmmcall fsgsbase tsc_adjust bmi1 avx2 smep bmi2 invpcid avx512f avx512dq rdseed adx smap avx512ifma clflushopt clwb avx512cd sha_ni avx512bw avx512vl xsaveopt xsavec xgetbv1 xsaves avx_vnni avx512_bf16 clzero xsaveerptr wbnoinvd arat avx512vbmi umip pku ospke avx512_vbmi2 gfni vaes vpclmulqdq avx512_vnni avx512_bitalg avx512_vpopcntdq rdpid movdiri movdir64b avx512_vp2intersect flush_l1d
Hypervisor vendor:                       KVM
Virtualization type:                     full
L1d cache:                               384 KiB (8 instances)
L1i cache:                               256 KiB (8 instances)
L2 cache:                                8 MiB (8 instances)
L3 cache:                                32 MiB (1 instance)
NUMA node(s):                            1
NUMA node0 CPU(s):                       0-15
Vulnerability Gather data sampling:      Not affected
Vulnerability Indirect target selection: Not affected
Vulnerability Itlb multihit:             Not affected
Vulnerability L1tf:                      Not affected
Vulnerability Mds:                       Not affected
Vulnerability Meltdown:                  Not affected
Vulnerability Mmio stale data:           Not affected
Vulnerability Reg file data sampling:    Not affected
Vulnerability Retbleed:                  Not affected
Vulnerability Spec rstack overflow:      Mitigation; IBPB on VMEXIT only
Vulnerability Spec store bypass:         Mitigation; Speculative Store Bypass disabled via prctl
Vulnerability Spectre v1:                Mitigation; usercopy/swapgs barriers and __user pointer sanitization
Vulnerability Spectre v2:                Mitigation; Enhanced / Automatic IBRS; IBPB conditional; STIBP always-on; PBRSB-eIBRS Not affected; BHI Not affected
Vulnerability Srbds:                     Not affected
Vulnerability Tsa:                       Not affected
Vulnerability Tsx async abort:           Not affected
Vulnerability Vmscape:                   Not affected

##### SUMMARY #####
Legend: S = server CPUs >=85% busy (server-bound). C = client CPUs >=85% busy (client-bound:
the number mostly measures the load generator; read it as a lower bound). B = whole box
>=90% busy (shared / onecpu placement). No flag = neither saturated. '+-N%' is half the
min-max spread over repeats. Each cell is the median run by req/s.

=== onecpu ===

median req/s [flag] +-spread
                              tokio-default              tokio-per-core             compio-pool                pc/default   compio/pc    
16384 B x 2 conns             180267 [B] +-0%            181805 [B] +-0%            174657 [B] +-0%            1.01x        0.96x        
16384 B x 4 conns             184160 [B] +-0%            181192 [B] +-2%            183609 [B] +-0%            0.98x        1.01x        
16384 B x 8 conns             186400 [B] +-0%            188366 [B] +-0%            180106 [B] +-0%            1.01x        0.96x        
16384 B x 16 conns            183078 [B] +-0%            184238 [B] +-0%            164639 [B] +-0%            1.01x        0.89x        
16384 B x 32 conns            183857 [B] +-0%            183752 [B] +-0%            160077 [B] +-0%            1.00x        0.87x        
512 B x 16 conns              237048 [B] +-0%            242429 [B] +-0%            240216 [B] +-0%            1.02x        0.99x        
2048 B x 16 conns             224504 [B] +-0%            228099 [B] +-0%            225342 [B] +-0%            1.02x        0.99x        
4096 B x 16 conns             212432 [B] +-1%            213462 [B] +-1%            215601 [B] +-0%            1.00x        1.01x        
8192 B x 16 conns             199132 [B] +-0%            201455 [B] +-0%            199207 [B] +-0%            1.01x        0.99x        

p50 / p99 latency, us
                              tokio-default              tokio-per-core             compio-pool                
16384 B x 2 conns             8 / 30                     11 / 27                    10 / 16                    
16384 B x 4 conns             13 / 44                    22 / 52                    22 / 34                    
16384 B x 8 conns             24 / 120                   31 / 145                   44 / 74                    
16384 B x 16 conns            10 / 320                   10 / 366                   97 / 147                   
16384 B x 32 conns            5 / 872                    5 / 936                    200 / 289                  
512 B x 16 conns              71 / 108                   66 / 101                   67 / 102                   
2048 B x 16 conns             75 / 114                   70 / 107                   71 / 109                   
4096 B x 16 conns             79 / 120                   75 / 115                   74 / 114                   
8192 B x 16 conns             84 / 128                   79 / 122                   80 / 123                   

CPU us per request: server(user+sys) / client
                              tokio-default              tokio-per-core             compio-pool                
16384 B x 2 conns             2.7 / 2.9                  2.7 / 2.8                  2.8 / 2.9                  
16384 B x 4 conns             2.6 / 2.9                  2.6 / 2.9                  2.7 / 2.7                  
16384 B x 8 conns             2.4 / 2.9                  2.4 / 2.9                  2.6 / 2.9                  
16384 B x 16 conns            2.4 / 3.0                  2.4 / 3.0                  2.9 / 3.2                  
16384 B x 32 conns            2.4 / 3.1                  2.4 / 3.1                  3.0 / 3.3                  
512 B x 16 conns              2.0 / 2.3                  1.9 / 2.2                  2.0 / 2.2                  
2048 B x 16 conns             2.1 / 2.4                  2.0 / 2.4                  2.1 / 2.4                  
4096 B x 16 conns             2.2 / 2.5                  2.2 / 2.5                  2.2 / 2.5                  
8192 B x 16 conns             2.3 / 2.7                  2.2 / 2.7                  2.3 / 2.7                  

##### RAW RUNS (TSV, one line per run; the columns are in the header line) #####
#suite	row	server	repeat	workers	conns	bytes	capacity	server_cpus	client_cpus	status	rps	reqs	p50_us	p90_us	p99_us	p999_us	max_us	srv_user_us_per_req	srv_sys_us_per_req	srv_vol_cs_per_req	srv_invol_cs_per_req	cli_cpu_us_per_req	sys_cs_per_req	idle_pct	failed_clients	srv_cpus_used	cli_cpus_used	flag	steal_pct	server_stats
onecpu	16384 B x 2 conns	tokio-default	1	1	2	16384	1024	0	0	ok	180417	902086	8.2	29.4	30.0	35.3	283.6	0.510	2.151	0.2849	0.4305	2.878	1.719	93.6	0	0.480	0.519	B	0.00	
onecpu	16384 B x 2 conns	tokio-per-core	1	1	2	16384	1024	0	0	ok	181805	909023	10.9	16.6	26.7	28.3	433.4	0.495	2.156	0.3366	0.3266	2.847	1.667	93.5	0	0.482	0.518	B	0.00	
onecpu	16384 B x 2 conns	compio-pool	1	1	2	16384	1024	0	0	ok	174304	871519	10.6	14.4	16.5	22.1	358.5	0.562	2.237	0.2323	0.4568	2.933	1.694	93.7	0	0.488	0.511	B	0.00	
onecpu	16384 B x 2 conns	tokio-per-core	2	1	2	16384	1024	0	0	ok	180789	903945	11.0	16.3	26.6	31.8	344.5	0.509	2.213	0.3748	0.2496	2.812	1.628	93.4	0	0.492	0.508	B	0.00	
onecpu	16384 B x 2 conns	compio-pool	2	1	2	16384	1024	0	0	ok	175771	878857	10.5	14.3	16.3	21.9	463.8	0.580	2.219	0.2322	0.4591	2.895	1.696	93.2	0	0.492	0.509	B	0.00	
onecpu	16384 B x 2 conns	tokio-default	2	1	2	16384	1024	0	0	ok	180267	901334	8.3	29.4	30.0	35.2	451.6	0.466	2.219	0.2937	0.4128	2.864	1.710	93.6	0	0.484	0.516	B	0.00	
onecpu	16384 B x 2 conns	compio-pool	3	1	2	16384	1024	0	0	ok	174657	873285	10.5	14.5	16.4	22.1	450.3	0.550	2.256	0.2324	0.4587	2.917	1.695	93.5	0	0.490	0.509	B	0.00	
onecpu	16384 B x 2 conns	tokio-default	3	1	2	16384	1024	0	0	ok	179692	898460	8.3	29.6	30.0	35.4	134.3	0.545	2.115	0.2799	0.4405	2.898	1.724	93.7	0	0.478	0.521	B	0.00	
onecpu	16384 B x 2 conns	tokio-per-core	3	1	2	16384	1024	0	0	ok	183229	916147	8.1	26.5	26.9	29.3	937.7	0.404	2.150	0.2629	0.4741	2.911	1.742	93.5	0	0.468	0.533	B	0.00	
onecpu	16384 B x 4 conns	tokio-default	1	1	4	16384	1024	0	0	ok	184160	920798	13.4	40.4	43.8	59.1	172.7	0.380	2.183	0.1504	0.3968	2.864	1.551	93.5	0	0.472	0.527	B	0.00	
onecpu	16384 B x 4 conns	tokio-per-core	1	1	4	16384	1024	0	0	ok	180268	901342	21.8	38.5	51.3	65.8	143.7	0.433	2.197	0.1218	0.3545	2.910	1.480	93.6	0	0.474	0.525	B	0.00	
onecpu	16384 B x 4 conns	compio-pool	1	1	4	16384	1024	0	0	ok	182282	911408	22.1	30.4	34.5	40.5	573.0	0.516	2.216	0.1385	0.1464	2.754	1.289	93.6	0	0.498	0.502	B	0.00	
onecpu	16384 B x 4 conns	tokio-per-core	2	1	4	16384	1024	0	0	ok	181192	905961	21.6	38.6	52.5	67.2	605.0	0.453	2.163	0.1205	0.3597	2.899	1.485	93.6	0	0.474	0.525	B	0.00	
onecpu	16384 B x 4 conns	compio-pool	2	1	4	16384	1024	0	0	ok	183609	918047	22.0	30.3	34.3	40.2	902.7	0.436	2.255	0.1393	0.1434	2.749	1.286	93.6	0	0.494	0.505	B	0.00	
onecpu	16384 B x 4 conns	tokio-default	2	1	4	16384	1024	0	0	ok	183675	918375	13.4	40.6	46.4	60.7	139.5	0.446	2.123	0.1467	0.4115	2.865	1.563	93.5	0	0.472	0.526	B	0.00	
onecpu	16384 B x 4 conns	compio-pool	3	1	4	16384	1024	0	0	ok	183701	918507	21.9	30.3	34.8	40.5	916.4	0.479	2.221	0.1314	0.1646	2.747	1.299	93.7	0	0.496	0.505	B	0.00	
onecpu	16384 B x 4 conns	tokio-default	3	1	4	16384	1024	0	0	ok	184350	921748	13.3	40.3	44.3	57.8	145.4	0.467	2.094	0.1502	0.3975	2.859	1.552	93.7	0	0.472	0.527	B	0.00	
onecpu	16384 B x 4 conns	tokio-per-core	3	1	4	16384	1024	0	0	ok	187699	938494	21.0	36.9	47.7	61.8	149.9	0.405	2.110	0.1220	0.3517	2.812	1.478	93.7	0	0.472	0.528	B	0.00	
onecpu	16384 B x 8 conns	tokio-default	1	1	8	16384	1024	0	0	ok	184747	923737	23.8	97.0	118.7	147.6	384.6	0.379	2.068	0.0504	0.4955	2.960	1.550	93.6	0	0.452	0.547	B	0.00	
onecpu	16384 B x 8 conns	tokio-per-core	1	1	8	16384	1024	0	0	ok	188761	943805	31.2	101.0	144.0	165.8	303.6	0.297	2.098	0.0337	0.4561	2.896	1.493	93.6	0	0.452	0.547	B	0.00	
onecpu	16384 B x 8 conns	compio-pool	1	1	8	16384	1024	0	0	ok	180106	900531	44.1	59.1	73.7	84.7	201.1	0.433	2.176	0.0323	0.3577	2.942	1.394	93.6	0	0.470	0.530	B	0.00	
onecpu	16384 B x 8 conns	tokio-per-core	2	1	8	16384	1024	0	0	ok	186196	930981	31.6	103.0	145.9	167.9	1452.3	0.333	2.095	0.0338	0.4561	2.937	1.495	93.6	0	0.452	0.547	B	0.00	
onecpu	16384 B x 8 conns	compio-pool	2	1	8	16384	1024	0	0	ok	181063	905316	43.9	58.9	73.6	84.2	197.3	0.409	2.198	0.0324	0.3583	2.923	1.394	93.7	0	0.472	0.529	B	0.00	
onecpu	16384 B x 8 conns	tokio-default	2	1	8	16384	1024	0	0	ok	187425	937124	23.5	97.1	121.2	152.3	244.0	0.288	2.134	0.0485	0.5020	2.906	1.556	93.4	0	0.454	0.545	B	0.00	
onecpu	16384 B x 8 conns	compio-pool	3	1	8	16384	1024	0	0	ok	178727	893635	44.4	59.7	74.6	85.2	191.2	0.392	2.238	0.0327	0.3585	2.962	1.395	93.6	0	0.470	0.529	B	0.00	
onecpu	16384 B x 8 conns	tokio-default	3	1	8	16384	1024	0	0	ok	186400	931998	23.6	97.4	120.2	146.4	503.9	0.333	2.103	0.0502	0.4992	2.925	1.553	93.6	0	0.454	0.545	B	0.00	
onecpu	16384 B x 8 conns	tokio-per-core	3	1	8	16384	1024	0	0	ok	188366	941831	30.6	102.9	145.2	165.2	384.9	0.382	2.028	0.0335	0.4591	2.902	1.497	93.7	0	0.454	0.547	B	0.00	
onecpu	16384 B x 16 conns	tokio-default	1	1	16	16384	1024	0	0	ok	182691	913456	10.3	241.6	327.9	395.9	1186.2	0.328	2.102	0.0074	0.5910	3.044	1.603	93.6	0	0.444	0.556	B	0.00	
onecpu	16384 B x 16 conns	tokio-per-core	1	1	16	16384	1024	0	0	ok	184238	921189	10.2	253.5	366.2	447.6	642.9	0.304	2.095	0.0050	0.5855	3.032	1.594	93.5	0	0.442	0.559	B	0.00	
onecpu	16384 B x 16 conns	compio-pool	1	1	16	16384	1024	0	0	ok	163523	817614	97.4	125.7	147.9	168.4	416.1	0.453	2.422	0.0067	0.4119	3.250	1.422	93.6	0	0.470	0.531	B	0.00	
onecpu	16384 B x 16 conns	tokio-per-core	2	1	16	16384	1024	0	0	ok	184664	923319	10.2	253.2	366.0	449.5	739.2	0.303	2.090	0.0051	0.5856	3.026	1.595	93.7	0	0.442	0.559	B	0.00	
onecpu	16384 B x 16 conns	compio-pool	2	1	16	16384	1024	0	0	ok	164639	823194	96.7	124.6	146.9	167.0	803.3	0.437	2.430	0.0066	0.4208	3.211	1.432	93.6	0	0.472	0.529	B	0.00	
onecpu	16384 B x 16 conns	tokio-default	2	1	16	16384	1024	0	0	ok	184043	920213	10.2	239.7	323.9	389.1	913.0	0.315	2.097	0.0075	0.5908	3.018	1.602	93.7	0	0.444	0.555	B	0.00	
onecpu	16384 B x 16 conns	compio-pool	3	1	16	16384	1024	0	0	ok	166492	832462	95.7	123.4	145.6	166.1	1261.8	0.348	2.475	0.0067	0.4179	3.186	1.430	93.7	0	0.470	0.530	B	0.00	
onecpu	16384 B x 16 conns	tokio-default	3	1	16	16384	1024	0	0	ok	183078	915390	10.3	238.7	319.9	382.1	887.4	0.328	2.087	0.0077	0.5848	3.047	1.596	93.7	0	0.442	0.558	B	0.00	
onecpu	16384 B x 16 conns	tokio-per-core	3	1	16	16384	1024	0	0	ok	183335	916677	10.2	254.5	366.4	448.1	1243.3	0.360	2.040	0.0051	0.5844	3.053	1.593	93.7	0	0.440	0.560	B	0.00	
onecpu	16384 B x 32 conns	tokio-default	1	1	32	16384	1024	0	0	ok	184210	921051	5.1	586.7	870.2	1060.0	3579.3	0.347	2.019	0.0011	0.6648	3.053	1.670	93.7	0	0.436	0.562	B	0.00	
onecpu	16384 B x 32 conns	tokio-per-core	1	1	32	16384	1024	0	0	ok	184895	924473	5.1	617.6	933.8	1105.4	2184.3	0.303	2.055	0.0009	0.6749	3.053	1.680	93.6	0	0.436	0.564	B	0.00	
onecpu	16384 B x 32 conns	compio-pool	1	1	32	16384	1024	0	0	ok	160057	800284	199.7	234.4	289.7	334.3	852.1	0.412	2.537	0.0011	0.4534	3.306	1.459	93.6	0	0.472	0.529	B	0.00	
onecpu	16384 B x 32 conns	tokio-per-core	2	1	32	16384	1024	0	0	ok	183720	918599	5.1	616.7	930.6	1100.3	3072.0	0.294	2.068	0.0009	0.6710	3.076	1.675	93.6	0	0.434	0.565	B	0.00	
onecpu	16384 B x 32 conns	compio-pool	2	1	32	16384	1024	0	0	ok	161533	807667	197.8	232.0	285.9	328.0	1114.7	0.384	2.538	0.0010	0.4604	3.271	1.467	93.4	0	0.472	0.528	B	0.00	
onecpu	16384 B x 32 conns	tokio-default	2	1	32	16384	1024	0	0	ok	183857	919284	5.2	587.8	871.9	1049.8	3199.7	0.359	2.023	0.0012	0.6642	3.060	1.669	93.5	0	0.438	0.563	B	0.00	
onecpu	16384 B x 32 conns	compio-pool	3	1	32	16384	1024	0	0	ok	160077	800387	199.5	233.8	288.8	332.4	878.7	0.450	2.524	0.0010	0.4607	3.285	1.469	93.5	0	0.476	0.526	B	0.00	
onecpu	16384 B x 32 conns	tokio-default	3	1	32	16384	1024	0	0	ok	182555	912773	5.2	587.5	868.0	1052.4	3163.8	0.307	2.093	0.0011	0.6613	3.084	1.666	93.7	0	0.438	0.563	B	0.00	
onecpu	16384 B x 32 conns	tokio-per-core	3	1	32	16384	1024	0	0	ok	183752	918759	5.1	617.3	936.1	1102.5	1688.1	0.381	1.981	0.0009	0.6718	3.076	1.676	93.6	0	0.434	0.565	B	0.00	
onecpu	512 B x 16 conns	tokio-default	1	1	16	512	1024	0	0	ok	235587	1177937	71.2	91.3	108.5	119.8	347.2	0.374	1.605	0.0022	0.5056	2.265	1.511	93.5	0	0.466	0.534	B	0.00	
onecpu	512 B x 16 conns	tokio-per-core	1	1	16	512	1024	0	0	ok	242429	1212146	65.8	86.3	101.0	109.6	531.9	0.338	1.559	0.0023	0.4675	2.231	1.474	93.5	0	0.460	0.541	B	0.00	
onecpu	512 B x 16 conns	compio-pool	1	1	16	512	1024	0	0	ok	240216	1201079	66.7	86.3	102.5	116.5	906.9	0.375	1.590	0.0066	0.4254	2.207	1.435	93.6	0	0.472	0.530	B	0.00	
onecpu	512 B x 16 conns	tokio-per-core	2	1	16	512	1024	0	0	ok	241416	1207082	66.1	86.5	101.4	110.0	419.2	0.365	1.541	0.0023	0.4633	2.241	1.468	93.7	0	0.460	0.541	B	0.00	
onecpu	512 B x 16 conns	compio-pool	2	1	16	512	1024	0	0	ok	239539	1197696	66.9	86.7	102.9	117.6	541.4	0.409	1.553	0.0066	0.4237	2.218	1.434	93.6	0	0.470	0.531	B	0.00	
onecpu	512 B x 16 conns	tokio-default	2	1	16	512	1024	0	0	ok	237048	1185239	70.8	90.5	108.1	119.2	555.2	0.397	1.561	0.0024	0.4980	2.266	1.503	93.6	0	0.464	0.537	B	0.00	
onecpu	512 B x 16 conns	compio-pool	3	1	16	512	1024	0	0	ok	240390	1201950	66.6	86.3	102.5	117.2	536.3	0.366	1.589	0.0067	0.4232	2.211	1.433	93.5	0	0.470	0.531	B	0.00	
onecpu	512 B x 16 conns	tokio-default	3	1	16	512	1024	0	0	ok	238696	1193478	70.4	89.9	107.2	117.8	771.3	0.419	1.517	0.0023	0.4927	2.260	1.498	93.6	0	0.462	0.539	B	0.00	
onecpu	512 B x 16 conns	tokio-per-core	3	1	16	512	1024	0	0	ok	243567	1217837	65.5	85.8	100.5	109.0	272.6	0.328	1.560	0.0023	0.4644	2.220	1.470	93.6	0	0.460	0.541	B	0.00	
onecpu	2048 B x 16 conns	tokio-default	1	1	16	2048	1024	0	0	ok	224771	1123853	74.8	95.5	113.9	125.4	523.1	0.329	1.717	0.0023	0.4921	2.405	1.498	93.5	0	0.460	0.541	B	0.00	
onecpu	2048 B x 16 conns	tokio-per-core	1	1	16	2048	1024	0	0	ok	228099	1140493	69.9	91.6	107.4	116.6	503.4	0.333	1.675	0.0022	0.4643	2.380	1.470	93.6	0	0.458	0.543	B	0.00	
onecpu	2048 B x 16 conns	compio-pool	1	1	16	2048	1024	0	0	ok	225342	1126710	71.1	92.1	109.1	123.7	1576.0	0.364	1.713	0.0067	0.4253	2.365	1.435	93.6	0	0.468	0.533	B	0.00	
onecpu	2048 B x 16 conns	tokio-per-core	2	1	16	2048	1024	0	0	ok	229542	1147710	69.5	91.1	106.9	115.9	665.6	0.322	1.664	0.0022	0.4658	2.367	1.471	93.6	0	0.456	0.543	B	0.00	
onecpu	2048 B x 16 conns	compio-pool	2	1	16	2048	1024	0	0	ok	226006	1130028	70.9	91.9	108.8	123.4	303.3	0.327	1.734	0.0067	0.4260	2.359	1.436	93.5	0	0.466	0.533	B	0.00	
onecpu	2048 B x 16 conns	tokio-default	2	1	16	2048	1024	0	0	ok	224504	1122521	74.8	95.6	114.0	125.6	1026.1	0.383	1.684	0.0023	0.4983	2.391	1.505	93.4	0	0.464	0.537	B	0.00	
onecpu	2048 B x 16 conns	compio-pool	3	1	16	2048	1024	0	0	ok	223151	1115755	71.8	93.0	110.3	125.2	527.6	0.341	1.757	0.0066	0.4267	2.380	1.436	93.6	0	0.468	0.531	B	0.00	
onecpu	2048 B x 16 conns	tokio-default	3	1	16	2048	1024	0	0	ok	223589	1117945	75.0	96.4	115.1	131.2	755.2	0.358	1.717	0.0023	0.5043	2.396	1.512	93.4	0	0.464	0.536	B	0.00	
onecpu	2048 B x 16 conns	tokio-per-core	3	1	16	2048	1024	0	0	ok	226657	1133284	70.3	92.4	108.1	117.3	562.5	0.300	1.712	0.0023	0.4708	2.395	1.476	93.4	0	0.456	0.543	B	0.00	
onecpu	4096 B x 16 conns	tokio-default	1	1	16	4096	1024	0	0	ok	212432	1062162	78.9	101.2	120.5	132.2	360.9	0.367	1.817	0.0022	0.5102	2.526	1.516	93.4	0	0.464	0.537	B	0.00	
onecpu	4096 B x 16 conns	tokio-per-core	1	1	16	4096	1024	0	0	ok	208921	1044606	76.0	100.6	116.9	127.2	1503.7	0.287	1.953	0.0020	0.5098	2.548	1.516	93.6	0	0.468	0.532	B	0.00	
onecpu	4096 B x 16 conns	compio-pool	1	1	16	4096	1024	0	0	ok	215601	1078005	74.2	96.3	113.8	129.4	472.0	0.362	1.800	0.0067	0.4224	2.482	1.432	93.6	0	0.466	0.535	B	0.00	
onecpu	4096 B x 16 conns	tokio-per-core	2	1	16	4096	1024	0	0	ok	214931	1074656	74.1	97.3	113.8	123.3	953.0	0.382	1.759	0.0021	0.4784	2.510	1.484	93.5	0	0.460	0.539	B	0.00	
onecpu	4096 B x 16 conns	compio-pool	2	1	16	4096	1024	0	0	ok	216550	1082748	73.9	96.0	113.1	128.5	471.1	0.305	1.838	0.0067	0.4185	2.479	1.428	93.6	0	0.464	0.537	B	0.00	
onecpu	4096 B x 16 conns	tokio-default	2	1	16	4096	1024	0	0	ok	214752	1073759	78.2	100.1	119.3	130.6	668.0	0.363	1.779	0.0023	0.5016	2.516	1.508	93.6	0	0.460	0.540	B	0.00	
onecpu	4096 B x 16 conns	compio-pool	3	1	16	4096	1024	0	0	ok	214621	1073105	74.5	96.9	114.6	130.3	530.2	0.289	1.873	0.0068	0.4198	2.502	1.430	93.6	0	0.464	0.537	B	0.00	
onecpu	4096 B x 16 conns	tokio-default	3	1	16	4096	1024	0	0	ok	208815	1044073	80.3	103.2	122.3	134.7	376.2	0.326	1.906	0.0021	0.5222	2.553	1.529	93.4	0	0.466	0.533	B	0.00	
onecpu	4096 B x 16 conns	tokio-per-core	3	1	16	4096	1024	0	0	ok	213462	1067312	74.6	98.1	114.8	124.9	245.8	0.319	1.846	0.0022	0.4869	2.522	1.492	93.1	0	0.462	0.538	B	0.00	
onecpu	8192 B x 16 conns	tokio-default	1	1	16	8192	1024	0	0	ok	198045	990224	84.4	108.7	129.6	143.6	1187.6	0.404	1.919	0.0020	0.5112	2.727	1.517	93.3	0	0.460	0.540	B	0.00	
onecpu	8192 B x 16 conns	tokio-per-core	1	1	16	8192	1024	0	0	ok	200703	1003513	79.3	104.4	122.2	132.7	924.4	0.349	1.913	0.0022	0.4708	2.728	1.476	93.3	0	0.454	0.548	B	0.00	
onecpu	8192 B x 16 conns	compio-pool	1	1	16	8192	1024	0	0	ok	199607	998036	80.1	104.0	122.2	139.7	301.6	0.361	1.944	0.0069	0.4094	2.705	1.421	93.6	0	0.460	0.540	B	0.00	
onecpu	8192 B x 16 conns	tokio-per-core	2	1	16	8192	1024	0	0	ok	202153	1010766	78.7	103.4	121.3	131.6	836.2	0.307	1.939	0.0022	0.4708	2.700	1.476	93.5	0	0.454	0.546	B	0.00	
onecpu	8192 B x 16 conns	compio-pool	2	1	16	8192	1024	0	0	ok	199207	996034	80.2	104.0	122.7	139.8	538.2	0.331	1.998	0.0068	0.4141	2.698	1.424	93.6	0	0.464	0.537	B	0.00	
onecpu	8192 B x 16 conns	tokio-default	2	1	16	8192	1024	0	0	ok	199132	995659	84.3	108.0	128.5	141.0	1063.7	0.372	1.918	0.0022	0.5001	2.734	1.506	93.5	0	0.456	0.544	B	0.00	
onecpu	8192 B x 16 conns	compio-pool	3	1	16	8192	1024	0	0	ok	197218	986091	81.1	105.1	124.0	141.6	1557.3	0.325	2.018	0.0067	0.4234	2.726	1.435	93.6	0	0.462	0.538	B	0.00	
onecpu	8192 B x 16 conns	tokio-default	3	1	16	8192	1024	0	0	ok	199415	997073	84.1	108.0	128.4	140.8	573.1	0.331	1.946	0.0023	0.4995	2.738	1.505	93.5	0	0.454	0.546	B	0.00	
onecpu	8192 B x 16 conns	tokio-per-core	3	1	16	8192	1024	0	0	ok	201455	1007277	79.0	103.9	121.8	132.1	564.0	0.328	1.916	0.0021	0.4670	2.720	1.473	93.4	0	0.452	0.548	B	0.00	

##### PROGRESS LOG #####
results directory: ~/bench-results/high-core-machine-20261003T031625Z
preflight: starting each server once ...
  tokio-default: ok (436986 req/s)
  tokio-per-core: ok (438634 req/s)
  compio-pool: ok (416888 req/s)
[1/9] onecpu / 16384 B x 2 conns   W=1 conns=2 bytes=16384 server=0 clients=0
    run 1  tokio-default  180417 req/s  p50 8.2us  p99 30.0us  B
    run 1  tokio-per-core  181805 req/s  p50 10.9us  p99 26.7us  B
    run 1  compio-pool  174304 req/s  p50 10.6us  p99 16.5us  B
    run 2  tokio-per-core  180789 req/s  p50 11.0us  p99 26.6us  B
    run 2  compio-pool  175771 req/s  p50 10.5us  p99 16.3us  B
    run 2  tokio-default  180267 req/s  p50 8.3us  p99 30.0us  B
    run 3  compio-pool  174657 req/s  p50 10.5us  p99 16.4us  B
    run 3  tokio-default  179692 req/s  p50 8.3us  p99 30.0us  B
    run 3  tokio-per-core  183229 req/s  p50 8.1us  p99 26.9us  B
    point done; 0 min elapsed, about 7 min left
[2/9] onecpu / 16384 B x 4 conns   W=1 conns=4 bytes=16384 server=0 clients=0
    run 1  tokio-default  184160 req/s  p50 13.4us  p99 43.8us  B
    run 1  tokio-per-core  180268 req/s  p50 21.8us  p99 51.3us  B
    run 1  compio-pool  182282 req/s  p50 22.1us  p99 34.5us  B
    run 2  tokio-per-core  181192 req/s  p50 21.6us  p99 52.5us  B
    run 2  compio-pool  183609 req/s  p50 22.0us  p99 34.3us  B
    run 2  tokio-default  183675 req/s  p50 13.4us  p99 46.4us  B
    run 3  compio-pool  183701 req/s  p50 21.9us  p99 34.8us  B
    run 3  tokio-default  184350 req/s  p50 13.3us  p99 44.3us  B
    run 3  tokio-per-core  187699 req/s  p50 21.0us  p99 47.7us  B
    point done; 1 min elapsed, about 6 min left
[3/9] onecpu / 16384 B x 8 conns   W=1 conns=8 bytes=16384 server=0 clients=0
    run 1  tokio-default  184747 req/s  p50 23.8us  p99 118.7us  B
    run 1  tokio-per-core  188761 req/s  p50 31.2us  p99 144.0us  B
    run 1  compio-pool  180106 req/s  p50 44.1us  p99 73.7us  B
    run 2  tokio-per-core  186196 req/s  p50 31.6us  p99 145.9us  B
    run 2  compio-pool  181063 req/s  p50 43.9us  p99 73.6us  B
    run 2  tokio-default  187425 req/s  p50 23.5us  p99 121.2us  B
    run 3  compio-pool  178727 req/s  p50 44.4us  p99 74.6us  B
    run 3  tokio-default  186400 req/s  p50 23.6us  p99 120.2us  B
    run 3  tokio-per-core  188366 req/s  p50 30.6us  p99 145.2us  B
    point done; 2 min elapsed, about 5 min left
[4/9] onecpu / 16384 B x 16 conns   W=1 conns=16 bytes=16384 server=0 clients=0
    run 1  tokio-default  182691 req/s  p50 10.3us  p99 327.9us  B
    run 1  tokio-per-core  184238 req/s  p50 10.2us  p99 366.2us  B
    run 1  compio-pool  163523 req/s  p50 97.4us  p99 147.9us  B
    run 2  tokio-per-core  184664 req/s  p50 10.2us  p99 366.0us  B
    run 2  compio-pool  164639 req/s  p50 96.7us  p99 146.9us  B
    run 2  tokio-default  184043 req/s  p50 10.2us  p99 323.9us  B
    run 3  compio-pool  166492 req/s  p50 95.7us  p99 145.6us  B
    run 3  tokio-default  183078 req/s  p50 10.3us  p99 319.9us  B
    run 3  tokio-per-core  183335 req/s  p50 10.2us  p99 366.4us  B
    point done; 3 min elapsed, about 4 min left
[5/9] onecpu / 16384 B x 32 conns   W=1 conns=32 bytes=16384 server=0 clients=0
    run 1  tokio-default  184210 req/s  p50 5.1us  p99 870.2us  B
    run 1  tokio-per-core  184895 req/s  p50 5.1us  p99 933.8us  B
    run 1  compio-pool  160057 req/s  p50 199.7us  p99 289.7us  B
    run 2  tokio-per-core  183720 req/s  p50 5.1us  p99 930.6us  B
    run 2  compio-pool  161533 req/s  p50 197.8us  p99 285.9us  B
    run 2  tokio-default  183857 req/s  p50 5.2us  p99 871.9us  B
    run 3  compio-pool  160077 req/s  p50 199.5us  p99 288.8us  B
    run 3  tokio-default  182555 req/s  p50 5.2us  p99 868.0us  B
    run 3  tokio-per-core  183752 req/s  p50 5.1us  p99 936.1us  B
    point done; 4 min elapsed, about 3 min left
[6/9] onecpu / 512 B x 16 conns   W=1 conns=16 bytes=512 server=0 clients=0
    run 1  tokio-default  235587 req/s  p50 71.2us  p99 108.5us  B
    run 1  tokio-per-core  242429 req/s  p50 65.8us  p99 101.0us  B
    run 1  compio-pool  240216 req/s  p50 66.7us  p99 102.5us  B
    run 2  tokio-per-core  241416 req/s  p50 66.1us  p99 101.4us  B
    run 2  compio-pool  239539 req/s  p50 66.9us  p99 102.9us  B
    run 2  tokio-default  237048 req/s  p50 70.8us  p99 108.1us  B
    run 3  compio-pool  240390 req/s  p50 66.6us  p99 102.5us  B
    run 3  tokio-default  238696 req/s  p50 70.4us  p99 107.2us  B
    run 3  tokio-per-core  243567 req/s  p50 65.5us  p99 100.5us  B
    point done; 5 min elapsed, about 2 min left
[7/9] onecpu / 2048 B x 16 conns   W=1 conns=16 bytes=2048 server=0 clients=0
    run 1  tokio-default  224771 req/s  p50 74.8us  p99 113.9us  B
    run 1  tokio-per-core  228099 req/s  p50 69.9us  p99 107.4us  B
    run 1  compio-pool  225342 req/s  p50 71.1us  p99 109.1us  B
    run 2  tokio-per-core  229542 req/s  p50 69.5us  p99 106.9us  B
    run 2  compio-pool  226006 req/s  p50 70.9us  p99 108.8us  B
    run 2  tokio-default  224504 req/s  p50 74.8us  p99 114.0us  B
    run 3  compio-pool  223151 req/s  p50 71.8us  p99 110.3us  B
    run 3  tokio-default  223589 req/s  p50 75.0us  p99 115.1us  B
    run 3  tokio-per-core  226657 req/s  p50 70.3us  p99 108.1us  B
    point done; 6 min elapsed, about 1 min left
[8/9] onecpu / 4096 B x 16 conns   W=1 conns=16 bytes=4096 server=0 clients=0
    run 1  tokio-default  212432 req/s  p50 78.9us  p99 120.5us  B
    run 1  tokio-per-core  208921 req/s  p50 76.0us  p99 116.9us  B
    run 1  compio-pool  215601 req/s  p50 74.2us  p99 113.8us  B
    run 2  tokio-per-core  214931 req/s  p50 74.1us  p99 113.8us  B
    run 2  compio-pool  216550 req/s  p50 73.9us  p99 113.1us  B
    run 2  tokio-default  214752 req/s  p50 78.2us  p99 119.3us  B
    run 3  compio-pool  214621 req/s  p50 74.5us  p99 114.6us  B
    run 3  tokio-default  208815 req/s  p50 80.3us  p99 122.3us  B
    run 3  tokio-per-core  213462 req/s  p50 74.6us  p99 114.8us  B
    point done; 7 min elapsed, about 0 min left
[9/9] onecpu / 8192 B x 16 conns   W=1 conns=16 bytes=8192 server=0 clients=0
    run 1  tokio-default  198045 req/s  p50 84.4us  p99 129.6us  B
    run 1  tokio-per-core  200703 req/s  p50 79.3us  p99 122.2us  B
    run 1  compio-pool  199607 req/s  p50 80.1us  p99 122.2us  B
    run 2  tokio-per-core  202153 req/s  p50 78.7us  p99 121.3us  B
    run 2  compio-pool  199207 req/s  p50 80.2us  p99 122.7us  B
    run 2  tokio-default  199132 req/s  p50 84.3us  p99 128.5us  B
    run 3  compio-pool  197218 req/s  p50 81.1us  p99 124.0us  B
    run 3  tokio-default  199415 req/s  p50 84.1us  p99 128.4us  B
    run 3  tokio-per-core  201455 req/s  p50 79.0us  p99 121.8us  B
    point done; 8 min elapsed, about 0 min left
finished in 8 min
