##### bench.sh 1 - upload this file #####

##### ENVIRONMENT #####
bench.sh version:  1
date (UTC):        2026-10-04T03:40:49Z
host:              compio-bench-arm-36
note:              t2a-standard-32 (Ampere Altra, 32 vCPU); compio-pool echo = examples/echo.rs on a developer-owned thread-per-core loop using the new bb8-style Pool/ManageConnection
command line:      --suites scale512,scale16k,payload,conns --servers tokio-default,tokio-per-core,compio-pool --note t2a-standard-32 (Ampere Altra, 32 vCPU); compio-pool echo = examples/echo.rs on a developer-owned thread-per-core loop using the new bb8-style Pool/ManageConnection --out /home/prabhat/bench-out
kernel:            Linux 7.0.0-1011-gcp #11~24.04.1-Ubuntu SMP PREEMPT Tue Aug 11 20:10:41 UTC 2026 aarch64
virtualization:    google
cpus allowed:      32 (32 physical cores; threads/core 1; NUMA nodes 1)
max split workers: 12 (client ratio 1.5)
memory (MiB):      total 128540, available 126818
io_uring_disabled: 0
cpu governor:      n/a
somaxconn:         4096   tcp_tw_reuse: 2   nofile: 1048576
rustc:             rustc 1.99.0 (b940084d7 2026-09-28)
git:               @
cache cpu0:        L1 Data 64K
cache cpu0:        L1 Instruction 64K
cache cpu0:        L2 Unified 1024K
cache cpu0:        L3 Unified 32768K
vulnerability mitigations (they change syscall cost):
  gather_data_sampling: Not affected
  ghostwrite: Not affected
  indirect_target_selection: Not affected
  itlb_multihit: Not affected
  l1tf: Not affected
  mds: Not affected
  meltdown: Not affected
  mmio_stale_data: Not affected
  old_microcode: Not affected
  reg_file_data_sampling: Not affected
  retbleed: Not affected
  spec_rstack_overflow: Not affected
  spec_store_bypass: Mitigation: Speculative Store Bypass disabled via prctl
  spectre_v1: Mitigation: __user pointer sanitization
  spectre_v2: Mitigation: CSV2, BHB
  srbds: Not affected
  tsa: Not affected
  tsx_async_abort: Not affected
  vmscape: Not affected

--- lscpu ---
Architecture:                            aarch64
CPU op-mode(s):                          64-bit
Byte Order:                              Little Endian
CPU(s):                                  32
On-line CPU(s) list:                     0-31
Vendor ID:                               ARM
Model name:                              Neoverse-N1
Model:                                   1
Thread(s) per core:                      1
Core(s) per socket:                      32
Socket(s):                               1
Stepping:                                r3p1
BogoMIPS:                                50.00
Flags:                                   fp asimd evtstrm aes pmull sha1 sha2 crc32 atomics fphp asimdhp cpuid asimdrdm lrcpc dcpop asimddp
L1d cache:                               2 MiB (32 instances)
L1i cache:                               2 MiB (32 instances)
L2 cache:                                32 MiB (32 instances)
L3 cache:                                32 MiB (1 instance)
NUMA node(s):                            1
NUMA node0 CPU(s):                       0-31
Vulnerability Gather data sampling:      Not affected
Vulnerability Ghostwrite:                Not affected
Vulnerability Indirect target selection: Not affected
Vulnerability Itlb multihit:             Not affected
Vulnerability L1tf:                      Not affected
Vulnerability Mds:                       Not affected
Vulnerability Meltdown:                  Not affected
Vulnerability Mmio stale data:           Not affected
Vulnerability Old microcode:             Not affected
Vulnerability Reg file data sampling:    Not affected
Vulnerability Retbleed:                  Not affected
Vulnerability Spec rstack overflow:      Not affected
Vulnerability Spec store bypass:         Mitigation; Speculative Store Bypass disabled via prctl
Vulnerability Spectre v1:                Mitigation; __user pointer sanitization
Vulnerability Spectre v2:                Mitigation; CSV2, BHB
Vulnerability Srbds:                     Not affected
Vulnerability Tsa:                       Not affected
Vulnerability Tsx async abort:           Not affected
Vulnerability Vmscape:                   Not affected

##### SUMMARY #####
Legend: S = server CPUs >=85% busy (server-bound). C = client CPUs >=85% busy (client-bound:
the number mostly measures the load generator; read it as a lower bound). B = whole box
>=90% busy (shared / onecpu placement). No flag = neither saturated. '+-N%' is half the
min-max spread over repeats. Each cell is the median run by req/s.

=== scale512 ===

median req/s [flag] +-spread
                              tokio-default              tokio-per-core             compio-pool                pc/default   compio/pc    
W=1                           96944 [S] +-11%            80776 [S] +-12%            103880 [S] +-1%            0.83x        1.29x        
W=2                           182438 [S] +-7%            174395 [S] +-10%           223649 [S] +-1%            0.96x        1.28x        
W=4                           330211 [S] +-6%            348429 [S] +-10%           436333 [S] +-2%            1.06x        1.25x        
W=8                           632866 [S] +-6%            688059 [S] +-0%            871389 [S] +-1%            1.09x        1.27x        
W=12                          715702 +-3%                1082194 [S] +-1%           1197871 [S] +-0%           1.51x        1.11x        

p50 / p99 latency, us
                              tokio-default              tokio-per-core             compio-pool                
W=1                           667 / 724                  786 / 854                  608 / 704                  
W=2                           353 / 547                  368 / 426                  285 / 329                  
W=4                           374 / 717                  389 / 444                  270 / 397                  
W=8                           377 / 834                  368 / 482                  288 / 365                  
W=12                          389 / 941                  340 / 533                  322 / 417                  

CPU us per request: server(user+sys) / client
                              tokio-default              tokio-per-core             compio-pool                
W=1                           10.3 / 12.1                12.3 / 12.9                9.6 / 11.0                 
W=2                           10.6 / 11.0                11.4 / 10.7                8.9 / 10.0                 
W=4                           11.3 / 11.4                11.4 / 11.1                9.1 / 10.6                 
W=8                           11.4 / 12.7                11.5 / 12.4                9.1 / 11.5                 
W=12                          11.7 / 13.1                11.0 / 12.5                9.9 / 11.6                 

=== scale16k ===

median req/s [flag] +-spread
                              tokio-default              tokio-per-core             compio-pool                pc/default   compio/pc    
W=1                           54140 [S] +-2%             63797 [S] +-6%             64912 [S] +-1%             1.18x        1.02x        
W=2                           118272 [S] +-5%            119348 [S] +-2%            137926 [S] +-2%            1.01x        1.16x        
W=4                           207124 [S] +-5%            236905 [S] +-6%            271346 [S] +-1%            1.14x        1.15x        
W=8                           414210 [S] +-3%            450475 [S] +-0%            538077 [S] +-0%            1.09x        1.19x        
W=12                          436812 +-0%                652418 [S] +-2%            705978 [S] +-0%            1.49x        1.08x        

p50 / p99 latency, us
                              tokio-default              tokio-per-core             compio-pool                
W=1                           1194 / 1274                1002 / 1075                969 / 1140                 
W=2                           553 / 842                  532 / 604                  460 / 532                  
W=4                           606 / 1131                 525 / 772                  451 / 618                  
W=8                           587 / 1272                 589 / 711                  469 / 612                  
W=12                          660 / 1650                 602 / 868                  525 / 729                  

CPU us per request: server(user+sys) / client
                              tokio-default              tokio-per-core             compio-pool                
W=1                           18.4 / 20.0                15.6 / 18.9                15.3 / 17.4                
W=2                           16.5 / 17.0                16.7 / 16.6                14.5 / 15.1                
W=4                           18.2 / 17.4                16.8 / 17.3                14.7 / 15.2                
W=8                           17.9 / 19.7                17.6 / 19.5                14.8 / 18.0                
W=12                          20.5 / 21.9                18.3 / 21.2                16.9 / 19.3                

=== payload ===

median req/s [flag] +-spread
                              tokio-default              tokio-per-core             compio-pool                pc/default   compio/pc    
64 B                          337176 [S] +-7%            355786 [S] +-11%           458295 [S] +-1%            1.06x        1.29x        
512 B                         286905 [S] +-0%            344775 [S] +-10%           433162 [S] +-0%            1.20x        1.26x        
2048 B                        263450 [S] +-8%            381685 [S] +-0%            393750 [S] +-0%            1.45x        1.03x        
8192 B                        260154 [S] +-5%            326631 [S] +-0%            326021 [S] +-0%            1.26x        1.00x        
16384 B                       205717 [S] +-7%            267549 [S] +-6%            271768 [S] +-0%            1.30x        1.02x        

p50 / p99 latency, us
                              tokio-default              tokio-per-core             compio-pool                
64 B                          367 / 684                  350 / 464                  257 / 356                  
512 B                         435 / 806                  358 / 450                  281 / 387                  
2048 B                        473 / 885                  318 / 458                  331 / 385                  
8192 B                        478 / 903                  388 / 440                  349 / 564                  
16384 B                       608 / 1147                 498 / 570                  467 / 534                  

CPU us per request: server(user+sys) / client
                              tokio-default              tokio-per-core             compio-pool                
64 B                          10.9 / 11.1                11.2 / 10.7                8.7 / 10.2                 
512 B                         13.0 / 11.5                11.5 / 11.2                9.2 / 10.2                 
2048 B                        14.2 / 12.6                10.4 / 12.3                10.1 / 11.7                
8192 B                        14.3 / 14.7                12.2 / 14.5                12.2 / 13.7                
16384 B                       18.5 / 17.5                14.9 / 16.9                14.6 / 15.9                

=== conns ===

median req/s [flag] +-spread
                              tokio-default              tokio-per-core             compio-pool                pc/default   compio/pc    
4 conns                       117355 +-4%                152579 +-0%                144683 +-0%                1.30x        0.95x        
16 conns                      238668 [S] +-2%            350386 [S] +-4%            362011 [S] +-11%           1.47x        1.03x        
64 conns                      262378 [S] +-8%            423941 [S] +-8%            443048 [S] +-0%            1.62x        1.05x        
256 conns                     307275 [S] +-7%            337654 [S] +-10%           408541 [S] +-1%            1.10x        1.21x        
1024 conns                    269875 +-6%                310689 [S] +-0%            351228 [S] +-1%            1.15x        1.13x        

p50 / p99 latency, us
                              tokio-default              tokio-per-core             compio-pool                
4 conns                       31 / 58                    25 / 41                    26 / 44                    
16 conns                      66 / 119                   35 / 95                    39 / 77                    
64 conns                      237 / 422                  140 / 216                  131 / 214                  
256 conns                     822 / 1472                 732 / 945                  624 / 732                  
1024 conns                    2280 / 8146                3273 / 3513                2848 / 3229                

CPU us per request: server(user+sys) / client
                              tokio-default              tokio-per-core             compio-pool                
4 conns                       19.5 / 10.5                14.1 / 11.1                15.7 / 11.9                
16 conns                      14.8 / 10.0                11.4 / 10.1                11.0 / 10.5                
64 conns                      13.5 / 10.7                9.4 / 10.8                 9.0 / 10.1                 
256 conns                     12.7 / 12.1                11.8 / 12.0                9.7 / 10.7                 
1024 conns                    11.6 / 14.2                12.7 / 14.5                11.3 / 13.2                

##### RAW RUNS (TSV, one line per run; the columns are in the header line) #####
#suite	row	server	repeat	workers	conns	bytes	capacity	server_cpus	client_cpus	status	rps	reqs	p50_us	p90_us	p99_us	p999_us	max_us	srv_user_us_per_req	srv_sys_us_per_req	srv_vol_cs_per_req	srv_invol_cs_per_req	cli_cpu_us_per_req	sys_cs_per_req	idle_pct	failed_clients	srv_cpus_used	cli_cpus_used	flag	steal_pct	server_stats
scale512	W=1	tokio-default	1	1	64	512	1024	0	1,2,3,4,5,6,7,8,9,10,11,12,13,14,15,16,17,18,19,20,21,22,23,24,25,26,27,28,29,30,31	ok	96944	484718	667.4	688.6	724.2	753.2	866.3	0.722	9.573	0.0003	0.0002	12.067	2.004	93.7	0	0.998	1.170	S	0.00	
scale512	W=1	tokio-per-core	1	1	64	512	1024	0	1,2,3,4,5,6,7,8,9,10,11,12,13,14,15,16,17,18,19,20,21,22,23,24,25,26,27,28,29,30,31	ok	80776	403881	786.1	817.5	854.2	901.1	1038.1	1.164	11.142	0.0001	0.0000	12.860	2.004	94.1	0	0.994	1.039	S	0.00	
scale512	W=1	compio-pool	1	1	64	512	1024	0	1,2,3,4,5,6,7,8,9,10,11,12,13,14,15,16,17,18,19,20,21,22,23,24,25,26,27,28,29,30,31	ok	103880	519402	608.2	652.4	703.8	737.5	1012.5	0.924	8.664	0.0001	0.0000	11.036	2.004	93.6	0	0.996	1.146	S	0.00	
scale512	W=1	tokio-per-core	2	1	64	512	1024	0	1,2,3,4,5,6,7,8,9,10,11,12,13,14,15,16,17,18,19,20,21,22,23,24,25,26,27,28,29,30,31	ok	100838	504191	628.8	667.7	698.5	728.4	1201.9	0.694	9.183	0.0001	0.0000	11.577	2.005	93.6	0	0.996	1.167	S	0.00	
scale512	W=1	compio-pool	2	1	64	512	1024	0	1,2,3,4,5,6,7,8,9,10,11,12,13,14,15,16,17,18,19,20,21,22,23,24,25,26,27,28,29,30,31	ok	100983	504913	624.3	676.5	717.3	751.6	998.5	1.228	8.635	0.0001	0.0000	11.578	2.003	93.5	0	0.996	1.169	S	0.00	
scale512	W=1	tokio-default	2	1	64	512	1024	0	1,2,3,4,5,6,7,8,9,10,11,12,13,14,15,16,17,18,19,20,21,22,23,24,25,26,27,28,29,30,31	ok	78786	393929	825.4	850.8	888.8	921.8	1036.9	1.269	11.373	0.0004	0.0002	13.005	2.005	94.0	0	0.996	1.025	S	0.00	
scale512	W=1	compio-pool	3	1	64	512	1024	0	1,2,3,4,5,6,7,8,9,10,11,12,13,14,15,16,17,18,19,20,21,22,23,24,25,26,27,28,29,30,31	ok	104023	520117	608.9	651.0	699.6	741.4	1082.7	0.846	8.729	0.0001	0.0000	11.071	2.004	94.0	0	0.996	1.152	S	0.00	
scale512	W=1	tokio-default	3	1	64	512	1024	0	1,2,3,4,5,6,7,8,9,10,11,12,13,14,15,16,17,18,19,20,21,22,23,24,25,26,27,28,29,30,31	ok	100851	504253	642.8	662.3	695.1	737.6	884.2	0.694	9.202	0.0003	0.0002	11.766	2.004	93.7	0	0.998	1.187	S	0.00	
scale512	W=1	tokio-per-core	3	1	64	512	1024	0	1,2,3,4,5,6,7,8,9,10,11,12,13,14,15,16,17,18,19,20,21,22,23,24,25,26,27,28,29,30,31	ok	80179	400893	795.5	820.4	851.0	880.2	969.0	1.098	11.325	0.0001	0.0000	12.916	2.006	94.1	0	0.996	1.036	S	0.00	
scale512	W=2	tokio-default	1	2	64	512	1024	0,1	2,3,4,5,6,7,8,9,10,11,12,13,14,15,16,17,18,19,20,21,22,23,24,25,26,27,28,29,30,31	ok	182438	912189	353.4	477.0	547.2	583.0	834.0	0.976	9.625	0.0092	0.0000	10.977	2.020	88.2	0	1.934	2.003	S	0.00	
scale512	W=2	tokio-per-core	1	2	64	512	1024	0,1	2,3,4,5,6,7,8,9,10,11,12,13,14,15,16,17,18,19,20,21,22,23,24,25,26,27,28,29,30,31	ok	172224	861118	398.8	438.3	455.0	473.9	621.1	1.243	10.301	0.0001	0.0000	10.933	2.002	88.4	0	1.988	1.883	S	0.00	
scale512	W=2	compio-pool	1	2	64	512	1024	0,1	2,3,4,5,6,7,8,9,10,11,12,13,14,15,16,17,18,19,20,21,22,23,24,25,26,27,28,29,30,31	ok	225028	1125140	279.0	303.9	318.4	345.0	494.6	1.742	7.110	0.0001	0.0000	10.068	2.002	88.3	0	1.992	2.266	S	0.00	
scale512	W=2	tokio-per-core	2	2	64	512	1024	0,1	2,3,4,5,6,7,8,9,10,11,12,13,14,15,16,17,18,19,20,21,22,23,24,25,26,27,28,29,30,31	ok	174395	871977	368.2	406.4	426.2	452.1	622.7	1.227	10.195	0.0001	0.0000	10.737	2.002	88.4	0	1.992	1.872	S	0.00	
scale512	W=2	compio-pool	2	2	64	512	1024	0,1	2,3,4,5,6,7,8,9,10,11,12,13,14,15,16,17,18,19,20,21,22,23,24,25,26,27,28,29,30,31	ok	223649	1118246	285.2	313.8	328.6	350.1	472.0	1.100	7.816	0.0000	0.0000	10.032	2.002	87.2	0	1.994	2.244	S	0.00	
scale512	W=2	tokio-default	2	2	64	512	1024	0,1	2,3,4,5,6,7,8,9,10,11,12,13,14,15,16,17,18,19,20,21,22,23,24,25,26,27,28,29,30,31	ok	183459	917296	351.3	473.9	544.3	578.5	934.5	0.981	9.561	0.0092	0.0000	10.905	2.020	88.2	0	1.934	2.001	S	0.00	
scale512	W=2	compio-pool	3	2	64	512	1024	0,1	2,3,4,5,6,7,8,9,10,11,12,13,14,15,16,17,18,19,20,21,22,23,24,25,26,27,28,29,30,31	ok	220506	1102531	288.7	319.9	333.4	356.1	526.2	1.152	7.891	0.0001	0.0000	10.104	2.002	87.7	0	1.994	2.228	S	0.00	
scale512	W=2	tokio-default	3	2	64	512	1024	0,1	2,3,4,5,6,7,8,9,10,11,12,13,14,15,16,17,18,19,20,21,22,23,24,25,26,27,28,29,30,31	ok	155032	775161	419.6	562.0	640.6	675.0	752.8	1.509	11.030	0.0090	0.0000	11.153	2.020	89.1	0	1.944	1.729	S	0.00	
scale512	W=2	tokio-per-core	3	2	64	512	1024	0,1	2,3,4,5,6,7,8,9,10,11,12,13,14,15,16,17,18,19,20,21,22,23,24,25,26,27,28,29,30,31	ok	207698	1038489	304.7	342.8	361.0	381.5	527.6	0.674	8.926	0.0001	0.0000	10.798	2.003	87.0	0	1.994	2.243	S	0.00	
scale512	W=4	tokio-default	1	4	128	512	1024	0,1,2,3	4,5,6,7,8,9,10,11,12,13,14,15,16,17,18,19,20,21,22,23,24,25,26,27,28,29,30,31	ok	333666	1668331	372.6	550.0	696.8	838.6	1323.3	1.085	9.896	0.0114	0.0000	11.376	2.021	77.2	0	3.664	3.796	S	0.00	
scale512	W=4	tokio-per-core	1	4	128	512	1024	0,1,2,3	4,5,6,7,8,9,10,11,12,13,14,15,16,17,18,19,20,21,22,23,24,25,26,27,28,29,30,31	ok	417961	2089803	304.3	359.6	382.6	402.4	1247.7	0.737	8.786	0.0000	0.0000	11.092	1.999	73.8	0	3.980	4.636	S	0.00	
scale512	W=4	compio-pool	1	4	128	512	1024	0,1,2,3	4,5,6,7,8,9,10,11,12,13,14,15,16,17,18,19,20,21,22,23,24,25,26,27,28,29,30,31	ok	436333	2181663	269.5	372.5	396.9	417.8	1286.1	1.091	8.026	0.0000	0.0000	10.560	1.999	75.1	0	3.978	4.608	S	0.00	
scale512	W=4	tokio-per-core	2	4	128	512	1024	0,1,2,3	4,5,6,7,8,9,10,11,12,13,14,15,16,17,18,19,20,21,22,23,24,25,26,27,28,29,30,31	ok	344984	1724921	356.7	445.4	483.2	506.6	1139.2	1.217	10.308	0.0000	0.0000	11.111	2.000	76.2	0	3.976	3.833	S	0.00	
scale512	W=4	compio-pool	2	4	128	512	1024	0,1,2,3	4,5,6,7,8,9,10,11,12,13,14,15,16,17,18,19,20,21,22,23,24,25,26,27,28,29,30,31	ok	441610	2208050	291.7	359.6	377.2	397.4	960.8	1.078	7.939	0.0000	0.0000	10.583	1.998	74.2	0	3.982	4.673	S	0.00	
scale512	W=4	tokio-default	2	4	128	512	1024	0,1,2,3	4,5,6,7,8,9,10,11,12,13,14,15,16,17,18,19,20,21,22,23,24,25,26,27,28,29,30,31	ok	289385	1446924	429.4	629.0	806.3	969.7	1146.9	1.583	11.376	0.0094	0.0000	11.430	2.018	78.5	0	3.750	3.308	S	0.00	
scale512	W=4	compio-pool	3	4	128	512	1024	0,1,2,3	4,5,6,7,8,9,10,11,12,13,14,15,16,17,18,19,20,21,22,23,24,25,26,27,28,29,30,31	ok	419048	2095239	300.6	398.4	423.4	444.6	1042.3	1.012	8.476	0.0000	0.0000	10.730	1.998	73.7	0	3.976	4.496	S	0.00	
scale512	W=4	tokio-default	3	4	128	512	1024	0,1,2,3	4,5,6,7,8,9,10,11,12,13,14,15,16,17,18,19,20,21,22,23,24,25,26,27,28,29,30,31	ok	330211	1651056	373.8	555.0	717.2	851.5	1485.8	1.175	10.091	0.0090	0.0000	11.445	2.017	77.1	0	3.720	3.779	S	0.00	
scale512	W=4	tokio-per-core	3	4	128	512	1024	0,1,2,3	4,5,6,7,8,9,10,11,12,13,14,15,16,17,18,19,20,21,22,23,24,25,26,27,28,29,30,31	ok	348429	1742143	389.3	421.2	443.9	465.9	1031.3	1.211	10.206	0.0000	0.0000	11.118	2.000	75.9	0	3.978	3.874	S	0.00	
scale512	W=8	tokio-default	1	8	256	512	1024	0,1,2,3,4,5,6,7	8,9,10,11,12,13,14,15,16,17,18,19,20,21,22,23,24,25,26,27,28,29,30,31	ok	564058	2820288	426.4	663.6	937.3	1129.1	5900.9	1.691	11.314	0.0068	0.0000	12.468	1.997	55.3	0	7.336	7.033	S	0.00	
scale512	W=8	tokio-per-core	1	8	256	512	1024	0,1,2,3,4,5,6,7	8,9,10,11,12,13,14,15,16,17,18,19,20,21,22,23,24,25,26,27,28,29,30,31	ok	688059	3440296	368.0	442.7	482.1	504.1	666.4	1.227	10.287	0.0000	0.0000	12.446	1.980	48.7	0	7.922	8.564	S	0.00	
scale512	W=8	compio-pool	1	8	256	512	1024	0,1,2,3,4,5,6,7	8,9,10,11,12,13,14,15,16,17,18,19,20,21,22,23,24,25,26,27,28,29,30,31	ok	856025	4280124	309.8	367.8	405.0	432.3	2621.8	1.145	8.140	0.0000	0.0000	11.909	1.960	44.1	0	7.948	10.194	S	0.00	
scale512	W=8	tokio-per-core	2	8	256	512	1024	0,1,2,3,4,5,6,7	8,9,10,11,12,13,14,15,16,17,18,19,20,21,22,23,24,25,26,27,28,29,30,31	ok	685246	3426231	370.7	408.6	442.0	465.8	1991.6	1.223	10.370	0.0001	0.0000	12.587	1.981	48.9	0	7.944	8.625	S	0.00	
scale512	W=8	compio-pool	2	8	256	512	1024	0,1,2,3,4,5,6,7	8,9,10,11,12,13,14,15,16,17,18,19,20,21,22,23,24,25,26,27,28,29,30,31	ok	871389	4356947	288.5	332.3	364.8	386.3	1950.0	1.088	8.035	0.0000	0.0000	11.461	1.966	43.6	0	7.950	9.987	S	0.00	
scale512	W=8	tokio-default	2	8	256	512	1024	0,1,2,3,4,5,6,7	8,9,10,11,12,13,14,15,16,17,18,19,20,21,22,23,24,25,26,27,28,29,30,31	ok	632866	3164330	377.2	594.1	833.5	1002.8	5568.0	1.293	10.138	0.0072	0.0000	12.718	1.992	52.6	0	7.234	8.049	S	0.00	
scale512	W=8	compio-pool	3	8	256	512	1024	0,1,2,3,4,5,6,7	8,9,10,11,12,13,14,15,16,17,18,19,20,21,22,23,24,25,26,27,28,29,30,31	ok	878359	4391796	289.2	334.6	361.9	378.6	1704.6	1.011	8.035	0.0000	0.0000	11.987	1.958	42.1	0	7.946	10.529	S	0.00	
scale512	W=8	tokio-default	3	8	256	512	1024	0,1,2,3,4,5,6,7	8,9,10,11,12,13,14,15,16,17,18,19,20,21,22,23,24,25,26,27,28,29,30,31	ok	646069	3230343	369.9	578.8	814.6	980.3	8565.3	1.257	9.971	0.0070	0.0000	12.727	1.991	51.6	0	7.254	8.223	S	0.00	
scale512	W=8	tokio-per-core	3	8	256	512	1024	0,1,2,3,4,5,6,7	8,9,10,11,12,13,14,15,16,17,18,19,20,21,22,23,24,25,26,27,28,29,30,31	ok	688430	3442148	368.5	440.6	485.1	509.0	2026.6	1.209	10.325	0.0001	0.0000	12.574	1.980	48.1	0	7.940	8.656	S	0.00	
scale512	W=12	tokio-default	1	12	384	512	1024	0,1,2,3,4,5,6,7,8,9,10,11	12,13,14,15,16,17,18,19,20,21,22,23,24,25,26,27,28,29,30,31	ok	720707	3603536	387.5	603.3	943.4	1133.4	3437.5	1.329	10.406	0.0069	0.0000	13.103	1.722	44.4	0	8.458	9.444		0.00	
scale512	W=12	tokio-per-core	1	12	384	512	1024	0,1,2,3,4,5,6,7,8,9,10,11	12,13,14,15,16,17,18,19,20,21,22,23,24,25,26,27,28,29,30,31	ok	1082194	5410969	340.0	439.2	532.9	560.6	5198.0	0.933	10.067	0.0000	0.0000	12.516	1.541	19.8	0	11.904	13.544	S	0.00	
scale512	W=12	compio-pool	1	12	384	512	1024	0,1,2,3,4,5,6,7,8,9,10,11	12,13,14,15,16,17,18,19,20,21,22,23,24,25,26,27,28,29,30,31	ok	1197871	5989354	322.4	374.4	417.0	446.8	4040.8	1.072	8.876	0.0001	0.0000	11.610	1.488	18.7	0	11.916	13.908	S	0.00	
scale512	W=12	tokio-per-core	2	12	384	512	1024	0,1,2,3,4,5,6,7,8,9,10,11	12,13,14,15,16,17,18,19,20,21,22,23,24,25,26,27,28,29,30,31	ok	1087346	5436728	352.5	430.8	501.2	530.1	750.6	0.942	10.010	0.0000	0.0000	12.481	1.535	19.8	0	11.908	13.571	S	0.00	
scale512	W=12	compio-pool	2	12	384	512	1024	0,1,2,3,4,5,6,7,8,9,10,11	12,13,14,15,16,17,18,19,20,21,22,23,24,25,26,27,28,29,30,31	ok	1208056	6040282	299.8	395.3	436.9	468.2	3984.0	1.159	8.698	0.0000	0.0000	11.465	1.536	18.6	0	11.908	13.850	S	0.00	
scale512	W=12	tokio-default	2	12	384	512	1024	0,1,2,3,4,5,6,7,8,9,10,11	12,13,14,15,16,17,18,19,20,21,22,23,24,25,26,27,28,29,30,31	ok	675920	3379599	418.9	615.8	1006.7	1234.3	2004.5	1.645	11.262	0.0049	0.0000	13.263	1.802	44.8	0	8.724	8.965		0.00	
scale512	W=12	compio-pool	3	12	384	512	1024	0,1,2,3,4,5,6,7,8,9,10,11	12,13,14,15,16,17,18,19,20,21,22,23,24,25,26,27,28,29,30,31	ok	1188072	5940362	321.9	381.2	416.1	443.6	1564.0	1.111	8.919	0.0000	0.0000	11.530	1.556	18.9	0	11.916	13.698	S	0.00	
scale512	W=12	tokio-default	3	12	384	512	1024	0,1,2,3,4,5,6,7,8,9,10,11	12,13,14,15,16,17,18,19,20,21,22,23,24,25,26,27,28,29,30,31	ok	715702	3578511	388.9	606.6	940.8	1140.6	4507.2	1.344	10.384	0.0071	0.0000	13.086	1.714	44.5	0	8.394	9.366		0.00	
scale512	W=12	tokio-per-core	3	12	384	512	1024	0,1,2,3,4,5,6,7,8,9,10,11	12,13,14,15,16,17,18,19,20,21,22,23,24,25,26,27,28,29,30,31	ok	1063374	5316870	360.9	400.6	430.4	455.5	653.6	0.989	10.198	0.0000	0.0000	12.535	1.624	20.0	0	11.896	13.329	S	0.00	
scale16k	W=1	tokio-default	1	1	64	16384	1024	0	1,2,3,4,5,6,7,8,9,10,11,12,13,14,15,16,17,18,19,20,21,22,23,24,25,26,27,28,29,30,31	ok	56474	282370	1137.0	1193.6	1244.8	1297.6	1434.6	1.417	16.255	0.0005	0.0003	19.970	2.007	93.6	0	0.998	1.128	S	0.00	
scale16k	W=1	tokio-per-core	1	1	64	16384	1024	0	1,2,3,4,5,6,7,8,9,10,11,12,13,14,15,16,17,18,19,20,21,22,23,24,25,26,27,28,29,30,31	ok	65162	325811	975.8	1000.5	1039.5	1088.8	1378.6	0.921	14.364	0.0002	0.0000	18.756	2.007	93.3	0	0.996	1.222	S	0.00	
scale16k	W=1	compio-pool	1	1	64	16384	1024	0	1,2,3,4,5,6,7,8,9,10,11,12,13,14,15,16,17,18,19,20,21,22,23,24,25,26,27,28,29,30,31	ok	66845	334223	941.3	1023.2	1106.4	1144.9	1326.5	1.705	13.195	0.0002	0.0000	17.674	2.006	93.6	0	0.996	1.181	S	0.00	
scale16k	W=1	tokio-per-core	2	1	64	16384	1024	0	1,2,3,4,5,6,7,8,9,10,11,12,13,14,15,16,17,18,19,20,21,22,23,24,25,26,27,28,29,30,31	ok	56257	281283	1126.8	1178.0	1228.3	1280.4	1371.6	1.387	16.318	0.0002	0.0000	19.742	2.006	93.6	0	0.996	1.111	S	0.00	
scale16k	W=1	compio-pool	2	1	64	16384	1024	0	1,2,3,4,5,6,7,8,9,10,11,12,13,14,15,16,17,18,19,20,21,22,23,24,25,26,27,28,29,30,31	ok	64434	322172	975.1	1080.7	1140.1	1201.3	1558.7	1.366	14.092	0.0002	0.0000	17.547	2.006	93.8	0	0.996	1.131	S	0.00	
scale16k	W=1	tokio-default	2	1	64	16384	1024	0	1,2,3,4,5,6,7,8,9,10,11,12,13,14,15,16,17,18,19,20,21,22,23,24,25,26,27,28,29,30,31	ok	54140	270702	1193.5	1226.3	1274.0	1321.7	1418.1	1.810	16.623	0.0006	0.0003	19.956	2.007	93.7	0	0.998	1.080	S	0.00	
scale16k	W=1	compio-pool	3	1	64	16384	1024	0	1,2,3,4,5,6,7,8,9,10,11,12,13,14,15,16,17,18,19,20,21,22,23,24,25,26,27,28,29,30,31	ok	64912	324560	968.8	1059.0	1140.5	1184.6	1497.1	1.263	14.081	0.0001	0.0000	17.421	2.006	93.8	0	0.996	1.131	S	0.00	
scale16k	W=1	tokio-default	3	1	64	16384	1024	0	1,2,3,4,5,6,7,8,9,10,11,12,13,14,15,16,17,18,19,20,21,22,23,24,25,26,27,28,29,30,31	ok	54114	270569	1192.3	1225.3	1271.6	1309.6	1393.7	1.848	16.558	0.0005	0.0003	20.098	2.007	93.8	0	0.996	1.088	S	0.00	
scale16k	W=1	tokio-per-core	3	1	64	16384	1024	0	1,2,3,4,5,6,7,8,9,10,11,12,13,14,15,16,17,18,19,20,21,22,23,24,25,26,27,28,29,30,31	ok	63797	318986	1001.6	1028.3	1074.9	1141.2	1352.4	0.940	14.671	0.0002	0.0000	18.882	2.006	93.7	0	0.996	1.205	S	0.00	
scale16k	W=2	tokio-default	1	2	64	16384	1024	0,1	2,3,4,5,6,7,8,9,10,11,12,13,14,15,16,17,18,19,20,21,22,23,24,25,26,27,28,29,30,31	ok	107558	537791	603.8	811.0	907.5	957.6	1041.4	1.822	16.363	0.0093	0.0000	17.228	2.021	88.5	0	1.956	1.853	S	0.00	
scale16k	W=2	tokio-per-core	1	2	64	16384	1024	0,1	2,3,4,5,6,7,8,9,10,11,12,13,14,15,16,17,18,19,20,21,22,23,24,25,26,27,28,29,30,31	ok	119348	596741	531.6	571.8	604.5	650.3	775.6	1.525	15.166	0.0001	0.0000	16.580	2.003	88.0	0	1.992	1.979	S	0.00	
scale16k	W=2	compio-pool	1	2	64	16384	1024	0,1	2,3,4,5,6,7,8,9,10,11,12,13,14,15,16,17,18,19,20,21,22,23,24,25,26,27,28,29,30,31	ok	140288	701441	451.0	487.4	516.3	548.9	696.6	1.582	12.631	0.0001	0.0000	15.030	2.003	87.6	0	1.994	2.109	S	0.00	
scale16k	W=2	tokio-per-core	2	2	64	16384	1024	0,1	2,3,4,5,6,7,8,9,10,11,12,13,14,15,16,17,18,19,20,21,22,23,24,25,26,27,28,29,30,31	ok	121248	606242	426.3	681.4	709.0	755.6	883.9	1.534	14.895	0.0001	0.0000	15.725	2.003	88.2	0	1.992	1.907	S	0.00	
scale16k	W=2	compio-pool	2	2	64	16384	1024	0,1	2,3,4,5,6,7,8,9,10,11,12,13,14,15,16,17,18,19,20,21,22,23,24,25,26,27,28,29,30,31	ok	134419	672093	438.3	566.4	598.2	640.8	749.4	1.577	13.257	0.0001	0.0000	15.495	2.003	87.7	0	1.994	2.083	S	0.00	
scale16k	W=2	tokio-default	2	2	64	16384	1024	0,1	2,3,4,5,6,7,8,9,10,11,12,13,14,15,16,17,18,19,20,21,22,23,24,25,26,27,28,29,30,31	ok	120477	602387	541.4	723.9	817.1	863.6	976.3	1.112	15.090	0.0091	0.0000	17.089	2.021	87.6	0	1.952	2.059	S	0.00	
scale16k	W=2	compio-pool	3	2	64	16384	1024	0,1	2,3,4,5,6,7,8,9,10,11,12,13,14,15,16,17,18,19,20,21,22,23,24,25,26,27,28,29,30,31	ok	137926	689628	460.0	510.3	531.5	564.0	769.3	1.450	13.007	0.0001	0.0000	15.111	2.003	87.5	0	1.994	2.084	S	0.00	
scale16k	W=2	tokio-default	3	2	64	16384	1024	0,1	2,3,4,5,6,7,8,9,10,11,12,13,14,15,16,17,18,19,20,21,22,23,24,25,26,27,28,29,30,31	ok	118272	591360	552.8	739.7	841.8	897.7	1012.8	1.387	15.118	0.0089	0.0000	16.993	2.020	88.1	0	1.952	2.010	S	0.00	
scale16k	W=2	tokio-per-core	3	2	64	16384	1024	0,1	2,3,4,5,6,7,8,9,10,11,12,13,14,15,16,17,18,19,20,21,22,23,24,25,26,27,28,29,30,31	ok	114361	571804	557.3	587.8	614.4	647.3	778.6	1.714	15.722	0.0001	0.0000	16.635	2.003	88.2	0	1.994	1.902	S	0.00	
scale16k	W=4	tokio-default	1	4	128	16384	1024	0,1,2,3	4,5,6,7,8,9,10,11,12,13,14,15,16,17,18,19,20,21,22,23,24,25,26,27,28,29,30,31	ok	203540	1017701	613.5	902.4	1171.8	1411.6	1679.6	1.955	16.645	0.0099	0.0000	17.391	2.021	77.6	0	3.786	3.540	S	0.00	
scale16k	W=4	tokio-per-core	1	4	128	16384	1024	0,1,2,3	4,5,6,7,8,9,10,11,12,13,14,15,16,17,18,19,20,21,22,23,24,25,26,27,28,29,30,31	ok	236606	1183031	513.4	670.3	720.8	749.6	1248.8	1.589	15.249	0.0001	0.0000	16.435	2.001	75.6	0	3.984	3.889	S	0.00	
scale16k	W=4	compio-pool	1	4	128	16384	1024	0,1,2,3	4,5,6,7,8,9,10,11,12,13,14,15,16,17,18,19,20,21,22,23,24,25,26,27,28,29,30,31	ok	271346	1356729	451.4	581.4	617.9	641.6	1110.7	1.754	12.913	0.0001	0.0000	15.172	2.000	75.0	0	3.980	4.117	S	0.00	
scale16k	W=4	tokio-per-core	2	4	128	16384	1024	0,1,2,3	4,5,6,7,8,9,10,11,12,13,14,15,16,17,18,19,20,21,22,23,24,25,26,27,28,29,30,31	ok	266049	1330244	461.3	575.8	609.3	633.8	1299.5	1.000	13.967	0.0001	0.0000	17.044	2.000	73.7	0	3.982	4.535	S	0.00	
scale16k	W=4	compio-pool	2	4	128	16384	1024	0,1,2,3	4,5,6,7,8,9,10,11,12,13,14,15,16,17,18,19,20,21,22,23,24,25,26,27,28,29,30,31	ok	268280	1341400	471.7	559.9	581.5	609.8	1160.4	1.819	13.039	0.0001	0.0000	15.809	2.000	74.8	0	3.986	4.241	S	0.00	
scale16k	W=4	tokio-default	2	4	128	16384	1024	0,1,2,3	4,5,6,7,8,9,10,11,12,13,14,15,16,17,18,19,20,21,22,23,24,25,26,27,28,29,30,31	ok	207124	1035619	606.4	883.7	1130.9	1355.9	1652.8	1.922	16.290	0.0110	0.0000	17.359	2.023	77.6	0	3.772	3.595	S	0.00	
scale16k	W=4	compio-pool	3	4	128	16384	1024	0,1,2,3	4,5,6,7,8,9,10,11,12,13,14,15,16,17,18,19,20,21,22,23,24,25,26,27,28,29,30,31	ok	273789	1368943	447.5	559.9	586.9	606.9	1011.7	1.877	12.674	0.0001	0.0000	15.749	2.000	74.7	0	3.984	4.312	S	0.00	
scale16k	W=4	tokio-default	3	4	128	16384	1024	0,1,2,3	4,5,6,7,8,9,10,11,12,13,14,15,16,17,18,19,20,21,22,23,24,25,26,27,28,29,30,31	ok	226217	1131083	549.6	811.1	1066.5	1282.2	1529.3	1.450	15.313	0.0089	0.0000	17.440	2.019	76.4	0	3.792	3.945	S	0.00	
scale16k	W=4	tokio-per-core	3	4	128	16384	1024	0,1,2,3	4,5,6,7,8,9,10,11,12,13,14,15,16,17,18,19,20,21,22,23,24,25,26,27,28,29,30,31	ok	236905	1184523	524.6	743.4	772.4	809.9	1267.6	1.393	15.382	0.0001	0.0000	17.319	2.001	75.1	0	3.974	4.103	S	0.00	
scale16k	W=8	tokio-default	1	8	256	16384	1024	0,1,2,3,4,5,6,7	8,9,10,11,12,13,14,15,16,17,18,19,20,21,22,23,24,25,26,27,28,29,30,31	ok	388716	1943580	628.0	971.3	1363.7	1660.0	6179.8	2.079	17.236	0.0066	0.0000	18.746	2.003	53.2	0	7.508	7.287	S	0.00	
scale16k	W=8	tokio-per-core	1	8	256	16384	1024	0,1,2,3,4,5,6,7	8,9,10,11,12,13,14,15,16,17,18,19,20,21,22,23,24,25,26,27,28,29,30,31	ok	450091	2250456	556.2	711.9	764.5	797.8	1994.9	1.640	16.019	0.0001	0.0000	20.020	1.986	47.1	0	7.948	9.011	S	0.00	
scale16k	W=8	compio-pool	1	8	256	16384	1024	0,1,2,3,4,5,6,7	8,9,10,11,12,13,14,15,16,17,18,19,20,21,22,23,24,25,26,27,28,29,30,31	ok	538077	2690383	469.3	575.0	611.6	641.6	1899.3	1.714	13.043	0.0001	0.0000	18.029	1.976	44.6	0	7.940	9.701	S	0.00	
scale16k	W=8	tokio-per-core	2	8	256	16384	1024	0,1,2,3,4,5,6,7	8,9,10,11,12,13,14,15,16,17,18,19,20,21,22,23,24,25,26,27,28,29,30,31	ok	455936	2279679	507.7	783.6	859.2	892.9	2312.0	1.689	15.735	0.0001	0.0000	19.817	1.986	47.2	0	7.944	9.035	S	0.00	
scale16k	W=8	compio-pool	2	8	256	16384	1024	0,1,2,3,4,5,6,7	8,9,10,11,12,13,14,15,16,17,18,19,20,21,22,23,24,25,26,27,28,29,30,31	ok	547440	2737200	430.0	591.8	629.4	669.5	1939.8	1.582	12.948	0.0001	0.0000	17.291	1.978	45.5	0	7.954	9.466	S	0.00	
scale16k	W=8	tokio-default	2	8	256	16384	1024	0,1,2,3,4,5,6,7	8,9,10,11,12,13,14,15,16,17,18,19,20,21,22,23,24,25,26,27,28,29,30,31	ok	419580	2097900	578.8	892.2	1247.9	1520.7	7078.8	1.521	16.235	0.0068	0.0000	18.911	2.001	51.8	0	7.450	7.935	S	0.00	
scale16k	W=8	compio-pool	3	8	256	16384	1024	0,1,2,3,4,5,6,7	8,9,10,11,12,13,14,15,16,17,18,19,20,21,22,23,24,25,26,27,28,29,30,31	ok	538030	2690149	482.1	523.0	553.1	589.4	1769.5	1.792	12.970	0.0001	0.0000	17.885	1.977	45.0	0	7.942	9.623	S	0.00	
scale16k	W=8	tokio-default	3	8	256	16384	1024	0,1,2,3,4,5,6,7	8,9,10,11,12,13,14,15,16,17,18,19,20,21,22,23,24,25,26,27,28,29,30,31	ok	414210	2071052	586.9	905.5	1271.8	1544.6	6007.8	1.521	16.388	0.0074	0.0000	19.744	2.001	51.2	0	7.418	8.178	S	0.00	
scale16k	W=8	tokio-per-core	3	8	256	16384	1024	0,1,2,3,4,5,6,7	8,9,10,11,12,13,14,15,16,17,18,19,20,21,22,23,24,25,26,27,28,29,30,31	ok	450475	2252374	588.6	681.0	711.4	737.9	1909.8	1.638	16.001	0.0001	0.0000	19.525	1.987	47.3	0	7.946	8.796	S	0.00	
scale16k	W=12	tokio-default	1	12	384	16384	1024	0,1,2,3,4,5,6,7,8,9,10,11	12,13,14,15,16,17,18,19,20,21,22,23,24,25,26,27,28,29,30,31	ok	437777	2188885	662.8	1021.4	1600.7	1968.6	2579.0	2.097	18.603	0.0045	0.0000	21.131	1.897	42.4	0	9.062	9.251		0.00	
scale16k	W=12	tokio-per-core	1	12	384	16384	1024	0,1,2,3,4,5,6,7,8,9,10,11	12,13,14,15,16,17,18,19,20,21,22,23,24,25,26,27,28,29,30,31	ok	652418	3262090	601.5	711.0	868.5	907.6	2825.7	1.367	16.888	0.0001	0.0000	21.168	1.592	18.9	0	11.910	13.811	S	0.00	
scale16k	W=12	compio-pool	1	12	384	16384	1024	0,1,2,3,4,5,6,7,8,9,10,11	12,13,14,15,16,17,18,19,20,21,22,23,24,25,26,27,28,29,30,31	ok	716264	3581322	524.7	672.0	736.5	778.1	3602.6	1.508	15.128	0.0001	0.0000	19.286	1.574	18.6	0	11.916	13.814	S	0.00	
scale16k	W=12	tokio-per-core	2	12	384	16384	1024	0,1,2,3,4,5,6,7,8,9,10,11	12,13,14,15,16,17,18,19,20,21,22,23,24,25,26,27,28,29,30,31	ok	686068	3430342	523.9	741.6	814.4	868.5	1159.2	1.087	16.307	0.0001	0.0000	20.792	1.515	17.5	0	11.934	14.265	S	0.00	
scale16k	W=12	compio-pool	2	12	384	16384	1024	0,1,2,3,4,5,6,7,8,9,10,11	12,13,14,15,16,17,18,19,20,21,22,23,24,25,26,27,28,29,30,31	ok	702850	3514252	560.2	648.9	701.0	750.8	4932.1	1.622	15.346	0.0001	0.0000	19.317	1.601	19.2	0	11.926	13.577	S	0.00	
scale16k	W=12	tokio-default	2	12	384	16384	1024	0,1,2,3,4,5,6,7,8,9,10,11	12,13,14,15,16,17,18,19,20,21,22,23,24,25,26,27,28,29,30,31	ok	436812	2184058	660.3	1036.6	1649.5	1994.3	3358.9	2.079	18.420	0.0055	0.0000	21.891	1.844	42.6	0	8.954	9.562		0.00	
scale16k	W=12	compio-pool	3	12	384	16384	1024	0,1,2,3,4,5,6,7,8,9,10,11	12,13,14,15,16,17,18,19,20,21,22,23,24,25,26,27,28,29,30,31	ok	705978	3529892	524.8	635.1	728.9	771.5	3445.3	1.527	15.369	0.0001	0.0000	19.308	1.598	19.3	0	11.928	13.631	S	0.00	
scale16k	W=12	tokio-default	3	12	384	16384	1024	0,1,2,3,4,5,6,7,8,9,10,11	12,13,14,15,16,17,18,19,20,21,22,23,24,25,26,27,28,29,30,31	ok	433540	2167700	660.2	1015.6	1600.2	1960.6	3530.5	2.030	18.522	0.0049	0.0000	21.842	1.846	42.5	0	8.910	9.469		0.00	
scale16k	W=12	tokio-per-core	3	12	384	16384	1024	0,1,2,3,4,5,6,7,8,9,10,11	12,13,14,15,16,17,18,19,20,21,22,23,24,25,26,27,28,29,30,31	ok	648110	3240551	575.6	759.6	818.6	859.6	2497.0	1.413	16.963	0.0001	0.0000	21.352	1.582	18.7	0	11.910	13.838	S	0.00	
payload	64 B	tokio-default	1	4	128	64	1024	0,1,2,3	4,5,6,7,8,9,10,11,12,13,14,15,16,17,18,19,20,21,22,23,24,25,26,27,28,29,30,31	ok	337176	1685881	367.3	543.2	684.4	807.2	1387.8	1.174	9.698	0.0108	0.0000	11.135	2.020	77.5	0	3.666	3.754	S	0.00	
payload	64 B	tokio-per-core	1	4	128	64	1024	0,1,2,3	4,5,6,7,8,9,10,11,12,13,14,15,16,17,18,19,20,21,22,23,24,25,26,27,28,29,30,31	ok	346942	1734710	366.1	493.0	518.4	546.0	1158.2	1.268	10.186	0.0000	0.0000	10.848	2.000	76.5	0	3.974	3.764	S	0.00	
payload	64 B	compio-pool	1	4	128	64	1024	0,1,2,3	4,5,6,7,8,9,10,11,12,13,14,15,16,17,18,19,20,21,22,23,24,25,26,27,28,29,30,31	ok	459962	2299812	279.3	310.7	336.3	359.4	1069.1	1.183	7.457	0.0000	0.0000	10.226	1.999	73.9	0	3.974	4.704	S	0.00	
payload	64 B	tokio-per-core	2	4	128	64	1024	0,1,2,3	4,5,6,7,8,9,10,11,12,13,14,15,16,17,18,19,20,21,22,23,24,25,26,27,28,29,30,31	ok	428601	2143005	315.7	351.4	372.0	396.5	1100.6	0.700	8.586	0.0000	0.0000	10.916	1.999	73.7	0	3.980	4.679	S	0.00	
payload	64 B	compio-pool	2	4	128	64	1024	0,1,2,3	4,5,6,7,8,9,10,11,12,13,14,15,16,17,18,19,20,21,22,23,24,25,26,27,28,29,30,31	ok	444372	2221858	285.8	312.6	332.9	358.4	978.7	0.810	8.142	0.0000	0.0000	10.365	1.999	73.4	0	3.978	4.606	S	0.00	
payload	64 B	tokio-default	2	4	128	64	1024	0,1,2,3	4,5,6,7,8,9,10,11,12,13,14,15,16,17,18,19,20,21,22,23,24,25,26,27,28,29,30,31	ok	339975	1699876	363.4	541.3	692.0	816.9	1078.4	1.135	9.689	0.0102	0.0000	11.168	2.019	77.3	0	3.680	3.797	S	0.00	
payload	64 B	compio-pool	3	4	128	64	1024	0,1,2,3	4,5,6,7,8,9,10,11,12,13,14,15,16,17,18,19,20,21,22,23,24,25,26,27,28,29,30,31	ok	458295	2291477	256.6	339.2	355.6	383.7	1011.9	1.156	7.515	0.0000	0.0000	10.191	1.999	74.1	0	3.974	4.670	S	0.00	
payload	64 B	tokio-default	3	4	128	64	1024	0,1,2,3	4,5,6,7,8,9,10,11,12,13,14,15,16,17,18,19,20,21,22,23,24,25,26,27,28,29,30,31	ok	292674	1463371	423.9	627.4	812.2	969.8	1409.8	1.606	11.152	0.0094	0.0000	11.096	2.018	78.8	0	3.734	3.247	S	0.00	
payload	64 B	tokio-per-core	3	4	128	64	1024	0,1,2,3	4,5,6,7,8,9,10,11,12,13,14,15,16,17,18,19,20,21,22,23,24,25,26,27,28,29,30,31	ok	355786	1778928	350.3	432.2	463.8	487.3	949.2	1.152	10.017	0.0000	0.0000	10.743	2.000	76.8	0	3.974	3.822	S	0.00	
payload	512 B	tokio-default	1	4	128	512	1024	0,1,2,3	4,5,6,7,8,9,10,11,12,13,14,15,16,17,18,19,20,21,22,23,24,25,26,27,28,29,30,31	ok	288024	1440118	432.6	634.6	800.7	948.5	1226.8	1.646	11.291	0.0104	0.0000	11.405	2.021	78.7	0	3.726	3.285	S	0.00	
payload	512 B	tokio-per-core	1	4	128	512	1024	0,1,2,3	4,5,6,7,8,9,10,11,12,13,14,15,16,17,18,19,20,21,22,23,24,25,26,27,28,29,30,31	ok	343459	1717297	364.2	414.6	437.6	456.0	852.9	1.275	10.307	0.0000	0.0000	11.250	2.000	76.1	0	3.978	3.864	S	0.00	
payload	512 B	compio-pool	1	4	128	512	1024	0,1,2,3	4,5,6,7,8,9,10,11,12,13,14,15,16,17,18,19,20,21,22,23,24,25,26,27,28,29,30,31	ok	431100	2155500	292.5	348.1	367.4	394.6	1106.4	0.942	8.263	0.0000	0.0000	10.671	1.998	73.4	0	3.968	4.600	S	0.00	
payload	512 B	tokio-per-core	2	4	128	512	1024	0,1,2,3	4,5,6,7,8,9,10,11,12,13,14,15,16,17,18,19,20,21,22,23,24,25,26,27,28,29,30,31	ok	344775	1723876	358.5	427.6	449.7	472.9	1050.9	1.299	10.250	0.0000	0.0000	11.171	2.000	76.2	0	3.982	3.852	S	0.00	
payload	512 B	compio-pool	2	4	128	512	1024	0,1,2,3	4,5,6,7,8,9,10,11,12,13,14,15,16,17,18,19,20,21,22,23,24,25,26,27,28,29,30,31	ok	433162	2165811	281.0	364.0	387.4	406.1	1064.2	1.284	7.900	0.0000	0.0000	10.237	1.999	74.7	0	3.978	4.434	S	0.00	
payload	512 B	tokio-default	2	4	128	512	1024	0,1,2,3	4,5,6,7,8,9,10,11,12,13,14,15,16,17,18,19,20,21,22,23,24,25,26,27,28,29,30,31	ok	286905	1434524	434.6	637.0	806.1	955.5	1455.6	1.610	11.342	0.0107	0.0000	11.504	2.021	78.7	0	3.716	3.301	S	0.00	
payload	512 B	compio-pool	3	4	128	512	1024	0,1,2,3	4,5,6,7,8,9,10,11,12,13,14,15,16,17,18,19,20,21,22,23,24,25,26,27,28,29,30,31	ok	439645	2198223	297.2	342.4	360.0	388.0	1153.8	1.237	7.825	0.0000	0.0000	10.615	1.999	74.2	0	3.984	4.667	S	0.00	
payload	512 B	tokio-default	3	4	128	512	1024	0,1,2,3	4,5,6,7,8,9,10,11,12,13,14,15,16,17,18,19,20,21,22,23,24,25,26,27,28,29,30,31	ok	286212	1431062	435.4	641.2	814.4	979.4	1381.4	1.502	11.397	0.0113	0.0000	11.578	2.022	78.6	0	3.692	3.314	S	0.00	
payload	512 B	tokio-per-core	3	4	128	512	1024	0,1,2,3	4,5,6,7,8,9,10,11,12,13,14,15,16,17,18,19,20,21,22,23,24,25,26,27,28,29,30,31	ok	414058	2070288	308.7	362.0	387.8	415.8	816.5	0.734	8.864	0.0000	0.0000	10.784	1.999	74.2	0	3.974	4.465	S	0.00	
payload	2048 B	tokio-default	1	4	128	2048	1024	0,1,2,3	4,5,6,7,8,9,10,11,12,13,14,15,16,17,18,19,20,21,22,23,24,25,26,27,28,29,30,31	ok	263450	1317252	472.8	692.8	884.9	1070.1	1225.4	1.670	12.534	0.0102	0.0000	12.575	2.020	78.6	0	3.742	3.313	S	0.00	
payload	2048 B	tokio-per-core	1	4	128	2048	1024	0,1,2,3	4,5,6,7,8,9,10,11,12,13,14,15,16,17,18,19,20,21,22,23,24,25,26,27,28,29,30,31	ok	382490	1912452	349.2	390.5	415.9	439.1	2748.6	0.753	9.658	0.0000	0.0000	12.363	1.999	73.2	0	3.982	4.729	S	0.00	
payload	2048 B	compio-pool	1	4	128	2048	1024	0,1,2,3	4,5,6,7,8,9,10,11,12,13,14,15,16,17,18,19,20,21,22,23,24,25,26,27,28,29,30,31	ok	393966	1969832	321.2	352.8	371.4	395.2	1091.0	1.432	8.650	0.0000	0.0000	11.574	1.999	74.1	0	3.972	4.560	S	0.00	
payload	2048 B	tokio-per-core	2	4	128	2048	1024	0,1,2,3	4,5,6,7,8,9,10,11,12,13,14,15,16,17,18,19,20,21,22,23,24,25,26,27,28,29,30,31	ok	381685	1908424	317.7	430.6	457.5	480.8	977.0	0.718	9.704	0.0000	0.0000	12.341	1.999	73.3	0	3.978	4.710	S	0.00	
payload	2048 B	compio-pool	2	4	128	2048	1024	0,1,2,3	4,5,6,7,8,9,10,11,12,13,14,15,16,17,18,19,20,21,22,23,24,25,26,27,28,29,30,31	ok	392112	1960562	341.8	382.9	413.6	432.4	1119.0	1.051	9.094	0.0000	0.0000	11.612	1.999	73.8	0	3.978	4.553	S	0.00	
payload	2048 B	tokio-default	2	4	128	2048	1024	0,1,2,3	4,5,6,7,8,9,10,11,12,13,14,15,16,17,18,19,20,21,22,23,24,25,26,27,28,29,30,31	ok	303853	1519263	407.5	603.4	780.2	929.4	1348.4	1.165	11.097	0.0093	0.0000	12.490	2.018	76.9	0	3.726	3.795	S	0.00	
payload	2048 B	compio-pool	3	4	128	2048	1024	0,1,2,3	4,5,6,7,8,9,10,11,12,13,14,15,16,17,18,19,20,21,22,23,24,25,26,27,28,29,30,31	ok	393750	1968752	331.0	364.8	385.4	410.0	990.1	1.463	8.640	0.0000	0.0000	11.672	1.999	74.2	0	3.978	4.596	S	0.00	
payload	2048 B	tokio-default	3	4	128	2048	1024	0,1,2,3	4,5,6,7,8,9,10,11,12,13,14,15,16,17,18,19,20,21,22,23,24,25,26,27,28,29,30,31	ok	261337	1306684	476.2	698.2	895.2	1078.0	1482.9	1.653	12.658	0.0102	0.0000	12.610	2.020	78.5	0	3.740	3.295	S	0.00	
payload	2048 B	tokio-per-core	3	4	128	2048	1024	0,1,2,3	4,5,6,7,8,9,10,11,12,13,14,15,16,17,18,19,20,21,22,23,24,25,26,27,28,29,30,31	ok	381521	1907607	364.3	397.2	419.4	441.6	1132.0	0.786	9.651	0.0000	0.0000	12.318	1.999	73.3	0	3.982	4.699	S	0.00	
payload	8192 B	tokio-default	1	4	128	8192	1024	0,1,2,3	4,5,6,7,8,9,10,11,12,13,14,15,16,17,18,19,20,21,22,23,24,25,26,27,28,29,30,31	ok	260154	1300768	478.0	703.3	903.0	1075.9	1262.4	1.161	13.185	0.0101	0.0000	14.658	2.020	76.7	0	3.732	3.813	S	0.00	
payload	8192 B	tokio-per-core	1	4	128	8192	1024	0,1,2,3	4,5,6,7,8,9,10,11,12,13,14,15,16,17,18,19,20,21,22,23,24,25,26,27,28,29,30,31	ok	323917	1619585	410.7	446.2	468.1	491.6	1057.5	0.846	11.441	0.0000	0.0000	14.612	2.000	73.0	0	3.980	4.733	S	0.00	
payload	8192 B	compio-pool	1	4	128	8192	1024	0,1,2,3	4,5,6,7,8,9,10,11,12,13,14,15,16,17,18,19,20,21,22,23,24,25,26,27,28,29,30,31	ok	326021	1630103	349.0	544.9	563.5	582.5	1292.7	1.889	10.331	0.0000	0.0000	13.654	2.000	74.3	0	3.984	4.451	S	0.00	
payload	8192 B	tokio-per-core	2	4	128	8192	1024	0,1,2,3	4,5,6,7,8,9,10,11,12,13,14,15,16,17,18,19,20,21,22,23,24,25,26,27,28,29,30,31	ok	328169	1640847	390.4	449.9	480.6	505.3	1137.5	0.841	11.281	0.0000	0.0000	14.526	2.000	73.8	0	3.978	4.767	S	0.00	
payload	8192 B	compio-pool	2	4	128	8192	1024	0,1,2,3	4,5,6,7,8,9,10,11,12,13,14,15,16,17,18,19,20,21,22,23,24,25,26,27,28,29,30,31	ok	321319	1606593	434.5	464.0	488.3	515.4	1078.4	1.855	10.532	0.0000	0.0000	13.486	2.000	74.8	0	3.980	4.333	S	0.00	
payload	8192 B	tokio-default	2	4	128	8192	1024	0,1,2,3	4,5,6,7,8,9,10,11,12,13,14,15,16,17,18,19,20,21,22,23,24,25,26,27,28,29,30,31	ok	264727	1323633	469.4	689.9	880.5	1055.0	1234.3	1.171	12.949	0.0103	0.0000	14.846	2.020	76.4	0	3.738	3.930	S	0.00	
payload	8192 B	compio-pool	3	4	128	8192	1024	0,1,2,3	4,5,6,7,8,9,10,11,12,13,14,15,16,17,18,19,20,21,22,23,24,25,26,27,28,29,30,31	ok	326115	1630574	384.1	446.8	473.1	493.0	1044.6	2.159	10.058	0.0000	0.0000	13.707	1.999	74.3	0	3.984	4.470	S	0.00	
payload	8192 B	tokio-default	3	4	128	8192	1024	0,1,2,3	4,5,6,7,8,9,10,11,12,13,14,15,16,17,18,19,20,21,22,23,24,25,26,27,28,29,30,31	ok	236912	1184558	527.4	769.8	979.8	1177.6	1383.8	1.697	14.107	0.0109	0.0000	14.768	2.022	78.1	0	3.744	3.499	S	0.00	
payload	8192 B	tokio-per-core	3	4	128	8192	1024	0,1,2,3	4,5,6,7,8,9,10,11,12,13,14,15,16,17,18,19,20,21,22,23,24,25,26,27,28,29,30,31	ok	326631	1633157	387.6	417.9	440.4	464.2	769.8	0.820	11.364	0.0000	0.0000	14.538	2.000	73.2	0	3.980	4.749	S	0.00	
payload	16384 B	tokio-default	1	4	128	16384	1024	0,1,2,3	4,5,6,7,8,9,10,11,12,13,14,15,16,17,18,19,20,21,22,23,24,25,26,27,28,29,30,31	ok	229032	1145158	544.8	799.3	1030.7	1244.5	1413.5	1.362	15.081	0.0103	0.0000	17.139	2.021	76.5	0	3.766	3.925	S	0.00	
payload	16384 B	tokio-per-core	1	4	128	16384	1024	0,1,2,3	4,5,6,7,8,9,10,11,12,13,14,15,16,17,18,19,20,21,22,23,24,25,26,27,28,29,30,31	ok	236090	1180450	543.9	623.6	652.8	679.1	1160.6	1.567	15.291	0.0001	0.0000	16.365	2.001	75.8	0	3.980	3.864	S	0.00	
payload	16384 B	compio-pool	1	4	128	16384	1024	0,1,2,3	4,5,6,7,8,9,10,11,12,13,14,15,16,17,18,19,20,21,22,23,24,25,26,27,28,29,30,31	ok	272092	1360458	435.1	626.1	649.7	673.4	1159.7	2.110	12.533	0.0001	0.0000	16.036	2.000	74.7	0	3.984	4.363	S	0.00	
payload	16384 B	tokio-per-core	2	4	128	16384	1024	0,1,2,3	4,5,6,7,8,9,10,11,12,13,14,15,16,17,18,19,20,21,22,23,24,25,26,27,28,29,30,31	ok	271501	1357504	417.4	638.9	668.4	703.7	1249.3	0.994	13.672	0.0001	0.0000	17.167	2.000	73.5	0	3.982	4.661	S	0.00	
payload	16384 B	compio-pool	2	4	128	16384	1024	0,1,2,3	4,5,6,7,8,9,10,11,12,13,14,15,16,17,18,19,20,21,22,23,24,25,26,27,28,29,30,31	ok	271768	1358842	467.4	512.6	534.2	562.7	1095.3	2.024	12.621	0.0001	0.0000	15.864	2.000	75.1	0	3.980	4.311	S	0.00	
payload	16384 B	tokio-default	2	4	128	16384	1024	0,1,2,3	4,5,6,7,8,9,10,11,12,13,14,15,16,17,18,19,20,21,22,23,24,25,26,27,28,29,30,31	ok	205717	1028587	607.6	889.3	1147.0	1390.8	1632.3	1.896	16.605	0.0093	0.0000	17.473	2.019	77.4	0	3.806	3.594	S	0.00	
payload	16384 B	compio-pool	3	4	128	16384	1024	0,1,2,3	4,5,6,7,8,9,10,11,12,13,14,15,16,17,18,19,20,21,22,23,24,25,26,27,28,29,30,31	ok	270082	1350410	477.2	524.4	555.6	583.2	2957.0	1.874	12.863	0.0000	0.0000	16.063	2.000	74.7	0	3.980	4.338	S	0.00	
payload	16384 B	tokio-default	3	4	128	16384	1024	0,1,2,3	4,5,6,7,8,9,10,11,12,13,14,15,16,17,18,19,20,21,22,23,24,25,26,27,28,29,30,31	ok	199826	999132	629.6	912.8	1145.5	1376.2	1656.7	2.102	16.765	0.0113	0.0000	17.489	2.023	77.7	0	3.770	3.495	S	0.00	
payload	16384 B	tokio-per-core	3	4	128	16384	1024	0,1,2,3	4,5,6,7,8,9,10,11,12,13,14,15,16,17,18,19,20,21,22,23,24,25,26,27,28,29,30,31	ok	267549	1337744	497.9	539.5	570.1	603.4	1039.5	1.061	13.829	0.0001	0.0000	16.878	2.001	73.7	0	3.984	4.516	S	0.00	
conns	4 conns	tokio-default	1	4	4	512	1024	0,1,2,3	4,5,6,7,8,9,10,11,12,13,14,15,16,17,18,19,20,21,22,23,24,25,26,27,28,29,30,31	ok	124001	620003	29.5	43.7	54.5	64.0	157.1	3.548	15.597	0.6122	0.0000	10.124	3.225	89.1	0	2.374	1.255		0.00	
conns	4 conns	tokio-per-core	1	4	4	512	1024	0,1,2,3	4,5,6,7,8,9,10,11,12,13,14,15,16,17,18,19,20,21,22,23,24,25,26,27,28,29,30,31	ok	153882	769411	25.0	28.8	38.2	45.3	177.0	2.794	12.594	0.9998	0.0000	11.767	4.000	87.6	0	2.368	1.811		0.00	
conns	4 conns	compio-pool	1	4	4	512	1024	0,1,2,3	4,5,6,7,8,9,10,11,12,13,14,15,16,17,18,19,20,21,22,23,24,25,26,27,28,29,30,31	ok	144712	723562	26.4	30.7	44.5	54.5	236.6	3.193	12.438	0.5290	0.0000	11.887	3.059	88.0	0	2.262	1.720		0.00	
conns	4 conns	tokio-per-core	2	4	4	512	1024	0,1,2,3	4,5,6,7,8,9,10,11,12,13,14,15,16,17,18,19,20,21,22,23,24,25,26,27,28,29,30,31	ok	151812	759062	25.0	30.4	46.1	59.7	305.3	2.859	11.330	0.5047	0.0000	11.110	3.010	88.5	0	2.154	1.687		0.00	
conns	4 conns	compio-pool	2	4	4	512	1024	0,1,2,3	4,5,6,7,8,9,10,11,12,13,14,15,16,17,18,19,20,21,22,23,24,25,26,27,28,29,30,31	ok	144683	723413	26.4	30.7	44.4	54.2	249.7	3.152	12.538	0.5266	0.0000	11.931	3.055	87.7	0	2.270	1.726		0.00	
conns	4 conns	tokio-default	2	4	4	512	1024	0,1,2,3	4,5,6,7,8,9,10,11,12,13,14,15,16,17,18,19,20,21,22,23,24,25,26,27,28,29,30,31	ok	117355	586777	31.2	46.8	57.6	67.8	271.8	3.579	15.935	0.6270	0.0000	10.546	3.255	89.3	0	2.290	1.238		0.00	
conns	4 conns	compio-pool	3	4	4	512	1024	0,1,2,3	4,5,6,7,8,9,10,11,12,13,14,15,16,17,18,19,20,21,22,23,24,25,26,27,28,29,30,31	ok	143993	719963	26.6	31.3	41.2	51.8	199.3	3.195	12.556	0.5318	0.0000	11.945	3.064	88.0	0	2.268	1.720		0.00	
conns	4 conns	tokio-default	3	4	4	512	1024	0,1,2,3	4,5,6,7,8,9,10,11,12,13,14,15,16,17,18,19,20,21,22,23,24,25,26,27,28,29,30,31	ok	114350	571751	32.8	48.0	58.2	67.4	144.8	3.620	15.916	0.6784	0.0000	10.912	3.358	89.5	0	2.234	1.248		0.00	
conns	4 conns	tokio-per-core	3	4	4	512	1024	0,1,2,3	4,5,6,7,8,9,10,11,12,13,14,15,16,17,18,19,20,21,22,23,24,25,26,27,28,29,30,31	ok	152579	762897	25.1	30.2	41.3	53.3	172.2	2.477	11.640	0.4971	0.0000	11.091	2.995	88.5	0	2.154	1.692		0.00	
conns	16 conns	tokio-default	1	4	16	512	1024	0,1,2,3	4,5,6,7,8,9,10,11,12,13,14,15,16,17,18,19,20,21,22,23,24,25,26,27,28,29,30,31	ok	238366	1191829	65.8	94.1	118.5	135.6	212.3	2.207	12.636	0.1298	0.0000	10.161	2.260	81.8	0	3.538	2.422	S	0.00	
conns	16 conns	tokio-per-core	1	4	16	512	1024	0,1,2,3	4,5,6,7,8,9,10,11,12,13,14,15,16,17,18,19,20,21,22,23,24,25,26,27,28,29,30,31	ok	374223	1871113	38.0	64.6	83.8	97.4	188.4	1.502	9.123	0.0044	0.0000	10.150	2.009	76.5	0	3.976	3.798	S	0.00	
conns	16 conns	compio-pool	1	4	16	512	1024	0,1,2,3	4,5,6,7,8,9,10,11,12,13,14,15,16,17,18,19,20,21,22,23,24,25,26,27,28,29,30,31	ok	294153	1470766	49.2	69.0	84.6	95.4	258.5	1.537	8.655	0.0000	0.0000	9.872	2.001	81.8	0	2.998	2.904		0.00	
conns	16 conns	tokio-per-core	2	4	16	512	1024	0,1,2,3	4,5,6,7,8,9,10,11,12,13,14,15,16,17,18,19,20,21,22,23,24,25,26,27,28,29,30,31	ok	343433	1717165	50.6	66.1	82.0	96.4	238.5	1.799	9.778	0.0047	0.0000	10.111	2.010	77.2	0	3.976	3.472	S	0.00	
conns	16 conns	compio-pool	2	4	16	512	1024	0,1,2,3	4,5,6,7,8,9,10,11,12,13,14,15,16,17,18,19,20,21,22,23,24,25,26,27,28,29,30,31	ok	362011	1810054	38.9	62.3	77.0	87.2	246.4	1.939	9.094	0.0010	0.0000	10.457	2.002	76.1	0	3.994	3.786	S	0.00	
conns	16 conns	tokio-default	2	4	16	512	1024	0,1,2,3	4,5,6,7,8,9,10,11,12,13,14,15,16,17,18,19,20,21,22,23,24,25,26,27,28,29,30,31	ok	238668	1193342	65.6	94.2	118.8	137.1	192.0	2.363	12.469	0.1291	0.0000	10.023	2.259	82.2	0	3.540	2.392	S	0.00	
conns	16 conns	compio-pool	3	4	16	512	1024	0,1,2,3	4,5,6,7,8,9,10,11,12,13,14,15,16,17,18,19,20,21,22,23,24,25,26,27,28,29,30,31	ok	378919	1894597	38.7	54.4	71.3	79.0	195.5	1.810	8.735	0.0001	0.0000	10.146	2.001	75.8	0	3.996	3.844	S	0.00	
conns	16 conns	tokio-default	3	4	16	512	1024	0,1,2,3	4,5,6,7,8,9,10,11,12,13,14,15,16,17,18,19,20,21,22,23,24,25,26,27,28,29,30,31	ok	248210	1241048	63.3	90.0	113.7	130.3	204.9	2.208	11.893	0.1360	0.0000	10.050	2.273	81.6	0	3.500	2.494	S	0.00	
conns	16 conns	tokio-per-core	3	4	16	512	1024	0,1,2,3	4,5,6,7,8,9,10,11,12,13,14,15,16,17,18,19,20,21,22,23,24,25,26,27,28,29,30,31	ok	350386	1751928	34.6	74.2	94.8	108.4	215.6	1.827	9.584	0.0001	0.0000	10.083	2.001	76.9	0	3.998	3.533	S	0.00	
conns	64 conns	tokio-default	1	4	64	512	1024	0,1,2,3	4,5,6,7,8,9,10,11,12,13,14,15,16,17,18,19,20,21,22,23,24,25,26,27,28,29,30,31	ok	262091	1310453	237.6	352.3	418.5	473.6	664.3	1.740	11.782	0.0327	0.0000	11.045	2.065	80.7	0	3.544	2.895	S	0.00	
conns	64 conns	tokio-per-core	1	4	64	512	1024	0,1,2,3	4,5,6,7,8,9,10,11,12,13,14,15,16,17,18,19,20,21,22,23,24,25,26,27,28,29,30,31	ok	355289	1776444	172.7	212.5	238.9	255.5	497.6	1.244	9.969	0.0000	0.0000	10.614	2.000	76.4	0	3.984	3.771	S	0.00	
conns	64 conns	compio-pool	1	4	64	512	1024	0,1,2,3	4,5,6,7,8,9,10,11,12,13,14,15,16,17,18,19,20,21,22,23,24,25,26,27,28,29,30,31	ok	445249	2226246	148.9	182.3	204.3	220.6	2461.6	1.163	7.789	0.0000	0.0000	9.818	2.000	74.6	0	3.986	4.371	S	0.00	
conns	64 conns	tokio-per-core	2	4	64	512	1024	0,1,2,3	4,5,6,7,8,9,10,11,12,13,14,15,16,17,18,19,20,21,22,23,24,25,26,27,28,29,30,31	ok	423941	2119706	140.4	188.4	216.1	230.9	553.6	0.769	8.643	0.0000	0.0000	10.792	2.000	73.7	0	3.990	4.575	S	0.00	
conns	64 conns	compio-pool	2	4	64	512	1024	0,1,2,3	4,5,6,7,8,9,10,11,12,13,14,15,16,17,18,19,20,21,22,23,24,25,26,27,28,29,30,31	ok	438189	2190947	156.2	181.3	201.9	219.0	592.6	1.105	7.992	0.0000	0.0000	10.145	2.000	74.7	0	3.986	4.445	S	0.00	
conns	64 conns	tokio-default	2	4	64	512	1024	0,1,2,3	4,5,6,7,8,9,10,11,12,13,14,15,16,17,18,19,20,21,22,23,24,25,26,27,28,29,30,31	ok	262378	1311888	237.0	353.7	421.9	476.1	757.0	1.738	11.746	0.0323	0.0000	10.721	2.064	80.6	0	3.538	2.813	S	0.00	
conns	64 conns	compio-pool	3	4	64	512	1024	0,1,2,3	4,5,6,7,8,9,10,11,12,13,14,15,16,17,18,19,20,21,22,23,24,25,26,27,28,29,30,31	ok	443048	2215240	130.8	189.6	213.5	229.2	374.7	1.025	7.968	0.0000	0.0000	10.097	2.000	73.8	0	3.984	4.474	S	0.00	
conns	64 conns	tokio-default	3	4	64	512	1024	0,1,2,3	4,5,6,7,8,9,10,11,12,13,14,15,16,17,18,19,20,21,22,23,24,25,26,27,28,29,30,31	ok	305547	1527733	203.4	302.7	360.5	407.0	518.1	1.322	10.152	0.0329	0.0000	10.569	2.065	79.6	0	3.506	3.229	S	0.00	
conns	64 conns	tokio-per-core	3	4	64	512	1024	0,1,2,3	4,5,6,7,8,9,10,11,12,13,14,15,16,17,18,19,20,21,22,23,24,25,26,27,28,29,30,31	ok	427640	2138201	161.3	189.9	210.7	224.8	571.8	0.790	8.535	0.0000	0.0000	10.601	1.999	74.1	0	3.988	4.533	S	0.00	
conns	256 conns	tokio-default	1	4	256	512	1024	0,1,2,3	4,5,6,7,8,9,10,11,12,13,14,15,16,17,18,19,20,21,22,23,24,25,26,27,28,29,30,31	ok	307275	1536373	821.6	1184.0	1472.1	1675.5	7109.4	1.510	11.208	0.0021	0.0000	12.062	2.004	76.8	0	3.908	3.706	S	0.00	
conns	256 conns	tokio-per-core	1	4	256	512	1024	0,1,2,3	4,5,6,7,8,9,10,11,12,13,14,15,16,17,18,19,20,21,22,23,24,25,26,27,28,29,30,31	ok	407870	2039351	661.3	715.5	749.0	781.0	2357.4	0.691	9.037	0.0000	0.0000	11.919	1.999	73.5	0	3.968	4.861	S	0.00	
conns	256 conns	compio-pool	1	4	256	512	1024	0,1,2,3	4,5,6,7,8,9,10,11,12,13,14,15,16,17,18,19,20,21,22,23,24,25,26,27,28,29,30,31	ok	406795	2033973	601.1	755.3	803.9	842.1	2116.0	1.087	8.673	0.0000	0.0000	11.292	1.999	74.1	0	3.970	4.593	S	0.00	
conns	256 conns	tokio-per-core	2	4	256	512	1024	0,1,2,3	4,5,6,7,8,9,10,11,12,13,14,15,16,17,18,19,20,21,22,23,24,25,26,27,28,29,30,31	ok	337654	1688269	731.6	902.1	944.9	969.3	2230.8	1.149	10.626	0.0000	0.0000	11.976	2.000	75.7	0	3.976	4.044	S	0.00	
conns	256 conns	compio-pool	2	4	256	512	1024	0,1,2,3	4,5,6,7,8,9,10,11,12,13,14,15,16,17,18,19,20,21,22,23,24,25,26,27,28,29,30,31	ok	415601	2078005	611.0	692.1	743.7	771.4	1532.4	1.136	8.422	0.0000	0.0000	11.312	1.999	73.9	0	3.972	4.701	S	0.00	
conns	256 conns	tokio-default	2	4	256	512	1024	0,1,2,3	4,5,6,7,8,9,10,11,12,13,14,15,16,17,18,19,20,21,22,23,24,25,26,27,28,29,30,31	ok	351968	1759839	715.4	1031.1	1275.2	1427.9	7022.3	1.017	9.859	0.0034	0.0000	11.897	2.006	75.5	0	3.828	4.187	S	0.00	
conns	256 conns	compio-pool	3	4	256	512	1024	0,1,2,3	4,5,6,7,8,9,10,11,12,13,14,15,16,17,18,19,20,21,22,23,24,25,26,27,28,29,30,31	ok	408541	2042706	623.8	695.3	731.8	755.4	2122.7	1.111	8.611	0.0000	0.0000	10.711	1.999	74.6	0	3.972	4.376	S	0.00	
conns	256 conns	tokio-default	3	4	256	512	1024	0,1,2,3	4,5,6,7,8,9,10,11,12,13,14,15,16,17,18,19,20,21,22,23,24,25,26,27,28,29,30,31	ok	305548	1527742	829.6	1186.8	1452.2	1606.5	2362.0	1.492	11.101	0.0036	0.0000	12.062	2.007	77.2	0	3.848	3.685	S	0.00	
conns	256 conns	tokio-per-core	3	4	256	512	1024	0,1,2,3	4,5,6,7,8,9,10,11,12,13,14,15,16,17,18,19,20,21,22,23,24,25,26,27,28,29,30,31	ok	336606	1683031	756.8	870.4	915.9	953.6	2121.6	1.153	10.665	0.0000	0.0000	11.478	2.001	76.2	0	3.978	3.863	S	0.00	
conns	1024 conns	tokio-default	1	4	1024	512	1024	0,1,2,3	4,5,6,7,8,9,10,11,12,13,14,15,16,17,18,19,20,21,22,23,24,25,26,27,28,29,30,31	ok	269875	1349376	2280.4	5379.3	8145.7	10585.8	14071.9	1.045	10.523	0.0009	0.0000	14.165	2.012	79.0	0	3.122	3.823		0.00	
conns	1024 conns	tokio-per-core	1	4	1024	512	1024	0,1,2,3	4,5,6,7,8,9,10,11,12,13,14,15,16,17,18,19,20,21,22,23,24,25,26,27,28,29,30,31	ok	315366	1576831	3275.9	3364.3	3482.4	3674.2	7413.3	1.287	11.244	0.0001	0.0000	14.310	2.007	74.2	0	3.952	4.513	S	0.00	
conns	1024 conns	compio-pool	1	4	1024	512	1024	0,1,2,3	4,5,6,7,8,9,10,11,12,13,14,15,16,17,18,19,20,21,22,23,24,25,26,27,28,29,30,31	ok	347367	1736834	2893.9	3272.4	3416.8	3558.0	8025.2	1.566	9.805	0.0000	0.0000	13.192	2.005	74.2	0	3.950	4.583	S	0.00	
conns	1024 conns	tokio-per-core	2	4	1024	512	1024	0,1,2,3	4,5,6,7,8,9,10,11,12,13,14,15,16,17,18,19,20,21,22,23,24,25,26,27,28,29,30,31	ok	310145	1550724	3267.5	3484.9	3579.4	3794.7	7584.5	1.167	11.582	0.0001	0.0000	14.275	2.008	74.5	0	3.954	4.427	S	0.00	
conns	1024 conns	compio-pool	2	4	1024	512	1024	0,1,2,3	4,5,6,7,8,9,10,11,12,13,14,15,16,17,18,19,20,21,22,23,24,25,26,27,28,29,30,31	ok	354747	1773737	2823.7	3050.1	3205.4	3289.2	8185.7	1.533	9.629	0.0000	0.0000	12.659	2.006	74.3	0	3.960	4.491	S	0.00	
conns	1024 conns	tokio-default	2	4	1024	512	1024	0,1,2,3	4,5,6,7,8,9,10,11,12,13,14,15,16,17,18,19,20,21,22,23,24,25,26,27,28,29,30,31	ok	239386	1196929	2608.7	5977.8	9411.7	12417.3	21574.3	1.462	11.596	0.0011	0.0000	13.246	2.013	81.0	0	3.126	3.171		0.00	
conns	1024 conns	compio-pool	3	4	1024	512	1024	0,1,2,3	4,5,6,7,8,9,10,11,12,13,14,15,16,17,18,19,20,21,22,23,24,25,26,27,28,29,30,31	ok	351228	1756138	2848.4	3069.1	3229.4	3346.5	7900.4	1.515	9.737	0.0000	0.0000	13.236	2.006	73.7	0	3.952	4.649	S	0.00	
conns	1024 conns	tokio-default	3	4	1024	512	1024	0,1,2,3	4,5,6,7,8,9,10,11,12,13,14,15,16,17,18,19,20,21,22,23,24,25,26,27,28,29,30,31	ok	275233	1376167	2281.4	5249.8	7860.4	10372.2	12910.8	1.010	10.406	0.0011	0.0000	14.168	2.009	78.7	0	3.142	3.900		0.00	
conns	1024 conns	tokio-per-core	3	4	1024	512	1024	0,1,2,3	4,5,6,7,8,9,10,11,12,13,14,15,16,17,18,19,20,21,22,23,24,25,26,27,28,29,30,31	ok	310689	1553446	3273.0	3366.6	3512.8	3691.9	7456.6	1.217	11.491	0.0000	0.0000	14.466	2.009	74.5	0	3.948	4.494	S	0.00	

##### PROGRESS LOG #####
results directory: /home/prabhat/bench-out
preflight: starting each server once ...
  tokio-default: ok (108587 req/s)
  tokio-per-core: ok (90357 req/s)
  compio-pool: ok (301036 req/s)
[1/20] scale512 / W=1   W=1 conns=64 bytes=512 server=0 clients=1,2,3,4,5,6,7,8,9,10,11,12,13,14,15,16,17,18,19,20,21,22,23,24,25,26,27,28,29,30,31
    run 1  tokio-default  96944 req/s  p50 667.4us  p99 724.2us  S
    run 1  tokio-per-core  80776 req/s  p50 786.1us  p99 854.2us  S
    run 1  compio-pool  103880 req/s  p50 608.2us  p99 703.8us  S
    run 2  tokio-per-core  100838 req/s  p50 628.8us  p99 698.5us  S
    run 2  compio-pool  100983 req/s  p50 624.3us  p99 717.3us  S
    run 2  tokio-default  78786 req/s  p50 825.4us  p99 888.8us  S
    run 3  compio-pool  104023 req/s  p50 608.9us  p99 699.6us  S
    run 3  tokio-default  100851 req/s  p50 642.8us  p99 695.1us  S
    run 3  tokio-per-core  80179 req/s  p50 795.5us  p99 851.0us  S
    point done; 0 min elapsed, about 18 min left
[2/20] scale512 / W=2   W=2 conns=64 bytes=512 server=0,1 clients=2,3,4,5,6,7,8,9,10,11,12,13,14,15,16,17,18,19,20,21,22,23,24,25,26,27,28,29,30,31
    run 1  tokio-default  182438 req/s  p50 353.4us  p99 547.2us  S
    run 1  tokio-per-core  172224 req/s  p50 398.8us  p99 455.0us  S
    run 1  compio-pool  225028 req/s  p50 279.0us  p99 318.4us  S
    run 2  tokio-per-core  174395 req/s  p50 368.2us  p99 426.2us  S
    run 2  compio-pool  223649 req/s  p50 285.2us  p99 328.6us  S
    run 2  tokio-default  183459 req/s  p50 351.3us  p99 544.3us  S
    run 3  compio-pool  220506 req/s  p50 288.7us  p99 333.4us  S
    run 3  tokio-default  155032 req/s  p50 419.6us  p99 640.6us  S
    run 3  tokio-per-core  207698 req/s  p50 304.7us  p99 361.0us  S
    point done; 1 min elapsed, about 17 min left
[3/20] scale512 / W=4   W=4 conns=128 bytes=512 server=0,1,2,3 clients=4,5,6,7,8,9,10,11,12,13,14,15,16,17,18,19,20,21,22,23,24,25,26,27,28,29,30,31
    run 1  tokio-default  333666 req/s  p50 372.6us  p99 696.8us  S
    run 1  tokio-per-core  417961 req/s  p50 304.3us  p99 382.6us  S
    run 1  compio-pool  436333 req/s  p50 269.5us  p99 396.9us  S
    run 2  tokio-per-core  344984 req/s  p50 356.7us  p99 483.2us  S
    run 2  compio-pool  441610 req/s  p50 291.7us  p99 377.2us  S
    run 2  tokio-default  289385 req/s  p50 429.4us  p99 806.3us  S
    run 3  compio-pool  419048 req/s  p50 300.6us  p99 423.4us  S
    run 3  tokio-default  330211 req/s  p50 373.8us  p99 717.2us  S
    run 3  tokio-per-core  348429 req/s  p50 389.3us  p99 443.9us  S
    point done; 2 min elapsed, about 16 min left
[4/20] scale512 / W=8   W=8 conns=256 bytes=512 server=0,1,2,3,4,5,6,7 clients=8,9,10,11,12,13,14,15,16,17,18,19,20,21,22,23,24,25,26,27,28,29,30,31
    run 1  tokio-default  564058 req/s  p50 426.4us  p99 937.3us  S
    run 1  tokio-per-core  688059 req/s  p50 368.0us  p99 482.1us  S
    run 1  compio-pool  856025 req/s  p50 309.8us  p99 405.0us  S
    run 2  tokio-per-core  685246 req/s  p50 370.7us  p99 442.0us  S
    run 2  compio-pool  871389 req/s  p50 288.5us  p99 364.8us  S
    run 2  tokio-default  632866 req/s  p50 377.2us  p99 833.5us  S
    run 3  compio-pool  878359 req/s  p50 289.2us  p99 361.9us  S
    run 3  tokio-default  646069 req/s  p50 369.9us  p99 814.6us  S
    run 3  tokio-per-core  688430 req/s  p50 368.5us  p99 485.1us  S
    point done; 3 min elapsed, about 15 min left
[5/20] scale512 / W=12   W=12 conns=384 bytes=512 server=0,1,2,3,4,5,6,7,8,9,10,11 clients=12,13,14,15,16,17,18,19,20,21,22,23,24,25,26,27,28,29,30,31
    run 1  tokio-default  720707 req/s  p50 387.5us  p99 943.4us  
    run 1  tokio-per-core  1082194 req/s  p50 340.0us  p99 532.9us  S
    run 1  compio-pool  1197871 req/s  p50 322.4us  p99 417.0us  S
    run 2  tokio-per-core  1087346 req/s  p50 352.5us  p99 501.2us  S
    run 2  compio-pool  1208056 req/s  p50 299.8us  p99 436.9us  S
    run 2  tokio-default  675920 req/s  p50 418.9us  p99 1006.7us  
    run 3  compio-pool  1188072 req/s  p50 321.9us  p99 416.1us  S
    run 3  tokio-default  715702 req/s  p50 388.9us  p99 940.8us  
    run 3  tokio-per-core  1063374 req/s  p50 360.9us  p99 430.4us  S
    point done; 4 min elapsed, about 14 min left
[6/20] scale16k / W=1   W=1 conns=64 bytes=16384 server=0 clients=1,2,3,4,5,6,7,8,9,10,11,12,13,14,15,16,17,18,19,20,21,22,23,24,25,26,27,28,29,30,31
    run 1  tokio-default  56474 req/s  p50 1137.0us  p99 1244.8us  S
    run 1  tokio-per-core  65162 req/s  p50 975.8us  p99 1039.5us  S
    run 1  compio-pool  66845 req/s  p50 941.3us  p99 1106.4us  S
    run 2  tokio-per-core  56257 req/s  p50 1126.8us  p99 1228.3us  S
    run 2  compio-pool  64434 req/s  p50 975.1us  p99 1140.1us  S
    run 2  tokio-default  54140 req/s  p50 1193.5us  p99 1274.0us  S
    run 3  compio-pool  64912 req/s  p50 968.8us  p99 1140.5us  S
    run 3  tokio-default  54114 req/s  p50 1192.3us  p99 1271.6us  S
    run 3  tokio-per-core  63797 req/s  p50 1001.6us  p99 1074.9us  S
    point done; 5 min elapsed, about 13 min left
[7/20] scale16k / W=2   W=2 conns=64 bytes=16384 server=0,1 clients=2,3,4,5,6,7,8,9,10,11,12,13,14,15,16,17,18,19,20,21,22,23,24,25,26,27,28,29,30,31
    run 1  tokio-default  107558 req/s  p50 603.8us  p99 907.5us  S
    run 1  tokio-per-core  119348 req/s  p50 531.6us  p99 604.5us  S
    run 1  compio-pool  140288 req/s  p50 451.0us  p99 516.3us  S
    run 2  tokio-per-core  121248 req/s  p50 426.3us  p99 709.0us  S
    run 2  compio-pool  134419 req/s  p50 438.3us  p99 598.2us  S
    run 2  tokio-default  120477 req/s  p50 541.4us  p99 817.1us  S
    run 3  compio-pool  137926 req/s  p50 460.0us  p99 531.5us  S
    run 3  tokio-default  118272 req/s  p50 552.8us  p99 841.8us  S
    run 3  tokio-per-core  114361 req/s  p50 557.3us  p99 614.4us  S
    point done; 6 min elapsed, about 12 min left
[8/20] scale16k / W=4   W=4 conns=128 bytes=16384 server=0,1,2,3 clients=4,5,6,7,8,9,10,11,12,13,14,15,16,17,18,19,20,21,22,23,24,25,26,27,28,29,30,31
    run 1  tokio-default  203540 req/s  p50 613.5us  p99 1171.8us  S
    run 1  tokio-per-core  236606 req/s  p50 513.4us  p99 720.8us  S
    run 1  compio-pool  271346 req/s  p50 451.4us  p99 617.9us  S
    run 2  tokio-per-core  266049 req/s  p50 461.3us  p99 609.3us  S
    run 2  compio-pool  268280 req/s  p50 471.7us  p99 581.5us  S
    run 2  tokio-default  207124 req/s  p50 606.4us  p99 1130.9us  S
    run 3  compio-pool  273789 req/s  p50 447.5us  p99 586.9us  S
    run 3  tokio-default  226217 req/s  p50 549.6us  p99 1066.5us  S
    run 3  tokio-per-core  236905 req/s  p50 524.6us  p99 772.4us  S
    point done; 7 min elapsed, about 11 min left
[9/20] scale16k / W=8   W=8 conns=256 bytes=16384 server=0,1,2,3,4,5,6,7 clients=8,9,10,11,12,13,14,15,16,17,18,19,20,21,22,23,24,25,26,27,28,29,30,31
    run 1  tokio-default  388716 req/s  p50 628.0us  p99 1363.7us  S
    run 1  tokio-per-core  450091 req/s  p50 556.2us  p99 764.5us  S
    run 1  compio-pool  538077 req/s  p50 469.3us  p99 611.6us  S
    run 2  tokio-per-core  455936 req/s  p50 507.7us  p99 859.2us  S
    run 2  compio-pool  547440 req/s  p50 430.0us  p99 629.4us  S
    run 2  tokio-default  419580 req/s  p50 578.8us  p99 1247.9us  S
    run 3  compio-pool  538030 req/s  p50 482.1us  p99 553.1us  S
    run 3  tokio-default  414210 req/s  p50 586.9us  p99 1271.8us  S
    run 3  tokio-per-core  450475 req/s  p50 588.6us  p99 711.4us  S
    point done; 8 min elapsed, about 10 min left
[10/20] scale16k / W=12   W=12 conns=384 bytes=16384 server=0,1,2,3,4,5,6,7,8,9,10,11 clients=12,13,14,15,16,17,18,19,20,21,22,23,24,25,26,27,28,29,30,31
    run 1  tokio-default  437777 req/s  p50 662.8us  p99 1600.7us  
    run 1  tokio-per-core  652418 req/s  p50 601.5us  p99 868.5us  S
    run 1  compio-pool  716264 req/s  p50 524.7us  p99 736.5us  S
    run 2  tokio-per-core  686068 req/s  p50 523.9us  p99 814.4us  S
    run 2  compio-pool  702850 req/s  p50 560.2us  p99 701.0us  S
    run 2  tokio-default  436812 req/s  p50 660.3us  p99 1649.5us  
    run 3  compio-pool  705978 req/s  p50 524.8us  p99 728.9us  S
    run 3  tokio-default  433540 req/s  p50 660.2us  p99 1600.2us  
    run 3  tokio-per-core  648110 req/s  p50 575.6us  p99 818.6us  S
    point done; 9 min elapsed, about 9 min left
[11/20] payload / 64 B   W=4 conns=128 bytes=64 server=0,1,2,3 clients=4,5,6,7,8,9,10,11,12,13,14,15,16,17,18,19,20,21,22,23,24,25,26,27,28,29,30,31
    run 1  tokio-default  337176 req/s  p50 367.3us  p99 684.4us  S
    run 1  tokio-per-core  346942 req/s  p50 366.1us  p99 518.4us  S
    run 1  compio-pool  459962 req/s  p50 279.3us  p99 336.3us  S
    run 2  tokio-per-core  428601 req/s  p50 315.7us  p99 372.0us  S
    run 2  compio-pool  444372 req/s  p50 285.8us  p99 332.9us  S
    run 2  tokio-default  339975 req/s  p50 363.4us  p99 692.0us  S
    run 3  compio-pool  458295 req/s  p50 256.6us  p99 355.6us  S
    run 3  tokio-default  292674 req/s  p50 423.9us  p99 812.2us  S
    run 3  tokio-per-core  355786 req/s  p50 350.3us  p99 463.8us  S
    point done; 10 min elapsed, about 8 min left
[12/20] payload / 512 B   W=4 conns=128 bytes=512 server=0,1,2,3 clients=4,5,6,7,8,9,10,11,12,13,14,15,16,17,18,19,20,21,22,23,24,25,26,27,28,29,30,31
    run 1  tokio-default  288024 req/s  p50 432.6us  p99 800.7us  S
    run 1  tokio-per-core  343459 req/s  p50 364.2us  p99 437.6us  S
    run 1  compio-pool  431100 req/s  p50 292.5us  p99 367.4us  S
    run 2  tokio-per-core  344775 req/s  p50 358.5us  p99 449.7us  S
    run 2  compio-pool  433162 req/s  p50 281.0us  p99 387.4us  S
    run 2  tokio-default  286905 req/s  p50 434.6us  p99 806.1us  S
    run 3  compio-pool  439645 req/s  p50 297.2us  p99 360.0us  S
    run 3  tokio-default  286212 req/s  p50 435.4us  p99 814.4us  S
    run 3  tokio-per-core  414058 req/s  p50 308.7us  p99 387.8us  S
    point done; 11 min elapsed, about 7 min left
[13/20] payload / 2048 B   W=4 conns=128 bytes=2048 server=0,1,2,3 clients=4,5,6,7,8,9,10,11,12,13,14,15,16,17,18,19,20,21,22,23,24,25,26,27,28,29,30,31
    run 1  tokio-default  263450 req/s  p50 472.8us  p99 884.9us  S
    run 1  tokio-per-core  382490 req/s  p50 349.2us  p99 415.9us  S
    run 1  compio-pool  393966 req/s  p50 321.2us  p99 371.4us  S
    run 2  tokio-per-core  381685 req/s  p50 317.7us  p99 457.5us  S
    run 2  compio-pool  392112 req/s  p50 341.8us  p99 413.6us  S
    run 2  tokio-default  303853 req/s  p50 407.5us  p99 780.2us  S
    run 3  compio-pool  393750 req/s  p50 331.0us  p99 385.4us  S
    run 3  tokio-default  261337 req/s  p50 476.2us  p99 895.2us  S
    run 3  tokio-per-core  381521 req/s  p50 364.3us  p99 419.4us  S
    point done; 12 min elapsed, about 6 min left
[14/20] payload / 8192 B   W=4 conns=128 bytes=8192 server=0,1,2,3 clients=4,5,6,7,8,9,10,11,12,13,14,15,16,17,18,19,20,21,22,23,24,25,26,27,28,29,30,31
    run 1  tokio-default  260154 req/s  p50 478.0us  p99 903.0us  S
    run 1  tokio-per-core  323917 req/s  p50 410.7us  p99 468.1us  S
    run 1  compio-pool  326021 req/s  p50 349.0us  p99 563.5us  S
    run 2  tokio-per-core  328169 req/s  p50 390.4us  p99 480.6us  S
    run 2  compio-pool  321319 req/s  p50 434.5us  p99 488.3us  S
    run 2  tokio-default  264727 req/s  p50 469.4us  p99 880.5us  S
    run 3  compio-pool  326115 req/s  p50 384.1us  p99 473.1us  S
    run 3  tokio-default  236912 req/s  p50 527.4us  p99 979.8us  S
    run 3  tokio-per-core  326631 req/s  p50 387.6us  p99 440.4us  S
    point done; 13 min elapsed, about 5 min left
[15/20] payload / 16384 B   W=4 conns=128 bytes=16384 server=0,1,2,3 clients=4,5,6,7,8,9,10,11,12,13,14,15,16,17,18,19,20,21,22,23,24,25,26,27,28,29,30,31
    run 1  tokio-default  229032 req/s  p50 544.8us  p99 1030.7us  S
    run 1  tokio-per-core  236090 req/s  p50 543.9us  p99 652.8us  S
    run 1  compio-pool  272092 req/s  p50 435.1us  p99 649.7us  S
    run 2  tokio-per-core  271501 req/s  p50 417.4us  p99 668.4us  S
    run 2  compio-pool  271768 req/s  p50 467.4us  p99 534.2us  S
    run 2  tokio-default  205717 req/s  p50 607.6us  p99 1147.0us  S
    run 3  compio-pool  270082 req/s  p50 477.2us  p99 555.6us  S
    run 3  tokio-default  199826 req/s  p50 629.6us  p99 1145.5us  S
    run 3  tokio-per-core  267549 req/s  p50 497.9us  p99 570.1us  S
    point done; 14 min elapsed, about 4 min left
[16/20] conns / 4 conns   W=4 conns=4 bytes=512 server=0,1,2,3 clients=4,5,6,7,8,9,10,11,12,13,14,15,16,17,18,19,20,21,22,23,24,25,26,27,28,29,30,31
    run 1  tokio-default  124001 req/s  p50 29.5us  p99 54.5us  
    run 1  tokio-per-core  153882 req/s  p50 25.0us  p99 38.2us  
    run 1  compio-pool  144712 req/s  p50 26.4us  p99 44.5us  
    run 2  tokio-per-core  151812 req/s  p50 25.0us  p99 46.1us  
    run 2  compio-pool  144683 req/s  p50 26.4us  p99 44.4us  
    run 2  tokio-default  117355 req/s  p50 31.2us  p99 57.6us  
    run 3  compio-pool  143993 req/s  p50 26.6us  p99 41.2us  
    run 3  tokio-default  114350 req/s  p50 32.8us  p99 58.2us  
    run 3  tokio-per-core  152579 req/s  p50 25.1us  p99 41.3us  
    point done; 15 min elapsed, about 3 min left
[17/20] conns / 16 conns   W=4 conns=16 bytes=512 server=0,1,2,3 clients=4,5,6,7,8,9,10,11,12,13,14,15,16,17,18,19,20,21,22,23,24,25,26,27,28,29,30,31
    run 1  tokio-default  238366 req/s  p50 65.8us  p99 118.5us  S
    run 1  tokio-per-core  374223 req/s  p50 38.0us  p99 83.8us  S
    run 1  compio-pool  294153 req/s  p50 49.2us  p99 84.6us  
    run 2  tokio-per-core  343433 req/s  p50 50.6us  p99 82.0us  S
    run 2  compio-pool  362011 req/s  p50 38.9us  p99 77.0us  S
    run 2  tokio-default  238668 req/s  p50 65.6us  p99 118.8us  S
    run 3  compio-pool  378919 req/s  p50 38.7us  p99 71.3us  S
    run 3  tokio-default  248210 req/s  p50 63.3us  p99 113.7us  S
    run 3  tokio-per-core  350386 req/s  p50 34.6us  p99 94.8us  S
    point done; 16 min elapsed, about 2 min left
[18/20] conns / 64 conns   W=4 conns=64 bytes=512 server=0,1,2,3 clients=4,5,6,7,8,9,10,11,12,13,14,15,16,17,18,19,20,21,22,23,24,25,26,27,28,29,30,31
    run 1  tokio-default  262091 req/s  p50 237.6us  p99 418.5us  S
    run 1  tokio-per-core  355289 req/s  p50 172.7us  p99 238.9us  S
    run 1  compio-pool  445249 req/s  p50 148.9us  p99 204.3us  S
    run 2  tokio-per-core  423941 req/s  p50 140.4us  p99 216.1us  S
    run 2  compio-pool  438189 req/s  p50 156.2us  p99 201.9us  S
    run 2  tokio-default  262378 req/s  p50 237.0us  p99 421.9us  S
    run 3  compio-pool  443048 req/s  p50 130.8us  p99 213.5us  S
    run 3  tokio-default  305547 req/s  p50 203.4us  p99 360.5us  S
    run 3  tokio-per-core  427640 req/s  p50 161.3us  p99 210.7us  S
    point done; 17 min elapsed, about 1 min left
[19/20] conns / 256 conns   W=4 conns=256 bytes=512 server=0,1,2,3 clients=4,5,6,7,8,9,10,11,12,13,14,15,16,17,18,19,20,21,22,23,24,25,26,27,28,29,30,31
    run 1  tokio-default  307275 req/s  p50 821.6us  p99 1472.1us  S
    run 1  tokio-per-core  407870 req/s  p50 661.3us  p99 749.0us  S
    run 1  compio-pool  406795 req/s  p50 601.1us  p99 803.9us  S
    run 2  tokio-per-core  337654 req/s  p50 731.6us  p99 944.9us  S
    run 2  compio-pool  415601 req/s  p50 611.0us  p99 743.7us  S
    run 2  tokio-default  351968 req/s  p50 715.4us  p99 1275.2us  S
    run 3  compio-pool  408541 req/s  p50 623.8us  p99 731.8us  S
    run 3  tokio-default  305548 req/s  p50 829.6us  p99 1452.2us  S
    run 3  tokio-per-core  336606 req/s  p50 756.8us  p99 915.9us  S
    point done; 18 min elapsed, about 0 min left
[20/20] conns / 1024 conns   W=4 conns=1024 bytes=512 server=0,1,2,3 clients=4,5,6,7,8,9,10,11,12,13,14,15,16,17,18,19,20,21,22,23,24,25,26,27,28,29,30,31
    run 1  tokio-default  269875 req/s  p50 2280.4us  p99 8145.7us  
    run 1  tokio-per-core  315366 req/s  p50 3275.9us  p99 3482.4us  S
    run 1  compio-pool  347367 req/s  p50 2893.9us  p99 3416.8us  S
    run 2  tokio-per-core  310145 req/s  p50 3267.5us  p99 3579.4us  S
    run 2  compio-pool  354747 req/s  p50 2823.7us  p99 3205.4us  S
    run 2  tokio-default  239386 req/s  p50 2608.7us  p99 9411.7us  
    run 3  compio-pool  351228 req/s  p50 2848.4us  p99 3229.4us  S
    run 3  tokio-default  275233 req/s  p50 2281.4us  p99 7860.4us  
    run 3  tokio-per-core  310689 req/s  p50 3273.0us  p99 3512.8us  S
    point done; 19 min elapsed, about 0 min left
finished in 19 min
